The usage based heuristic initial solution of I100_S500_C500.txt has the score 449528.
The traffic based heuristic initial solution of I100_S500_C500.txt has the score 449307.
The solution of I100_S500_C500.txt has the score 450112.
Optimized for 584 points.
Execution time: 10.00087536929641 minutes.

The usage based heuristic initial solution of I100_S500_C500.txt has the score 449528.
The traffic based heuristic initial solution of I100_S500_C500.txt has the score 449307.
The solution of I100_S500_C500.txt has the score 450049.
Optimized for 521 points.
Execution time: 10.000918076435726 minutes.

The usage based heuristic initial solution of I100_S500_C500.txt has the score 449528.
The traffic based heuristic initial solution of I100_S500_C500.txt has the score 449307.
The solution of I100_S500_C500.txt has the score 450030.
Optimized for 502 points.
Execution time: 10.000922851373131 minutes.

The usage based heuristic initial solution of I100_S500_C500.txt has the score 449528.
The traffic based heuristic initial solution of I100_S500_C500.txt has the score 449307.
The solution of I100_S500_C500.txt has the score 449962.
Optimized for 434 points.
Execution time: 10.000901233567856 minutes.

The usage based heuristic initial solution of I100_S500_C500.txt has the score 449528.
The traffic based heuristic initial solution of I100_S500_C500.txt has the score 449307.
The solution of I100_S500_C500.txt has the score 450103.
Optimized for 575 points.
Execution time: 10.000893952852737 minutes.

The usage based heuristic initial solution of I120_S480_C500.txt has the score 568233.
The traffic based heuristic initial solution of I120_S480_C500.txt has the score 568016.
The solution of I120_S480_C500.txt has the score 568589.
Optimized for 356 points.
Execution time: 10.001169920084067 minutes.

The usage based heuristic initial solution of I120_S480_C500.txt has the score 568233.
The traffic based heuristic initial solution of I120_S480_C500.txt has the score 568016.
The solution of I120_S480_C500.txt has the score 568586.
Optimized for 353 points.
Execution time: 10.00106043824926 minutes.

The usage based heuristic initial solution of I120_S480_C500.txt has the score 568233.
The traffic based heuristic initial solution of I120_S480_C500.txt has the score 568016.
The solution of I120_S480_C500.txt has the score 568601.
Optimized for 368 points.
Execution time: 10.001078463252634 minutes.

The usage based heuristic initial solution of I120_S480_C500.txt has the score 568233.
The traffic based heuristic initial solution of I120_S480_C500.txt has the score 568016.
The solution of I120_S480_C500.txt has the score 568584.
Optimized for 351 points.
Execution time: 10.00111735939669 minutes.

The usage based heuristic initial solution of I120_S480_C500.txt has the score 568233.
The traffic based heuristic initial solution of I120_S480_C500.txt has the score 568016.
The solution of I120_S480_C500.txt has the score 568601.
Optimized for 368 points.
Execution time: 10.001154892798514 minutes.

The usage based heuristic initial solution of I100_S600_C153.txt has the score 60813.
The traffic based heuristic initial solution of I100_S600_C153.txt has the score 63126.
The solution of I100_S600_C153.txt has the score 71001.
Optimized for 7875 points.
Execution time: 10.002410396498938 minutes.

The usage based heuristic initial solution of I100_S600_C153.txt has the score 60813.
The traffic based heuristic initial solution of I100_S600_C153.txt has the score 63123.
The solution of I100_S600_C153.txt has the score 71664.
Optimized for 8541 points.
Execution time: 10.002498438969875 minutes.

The usage based heuristic initial solution of I100_S600_C153.txt has the score 60813.
The traffic based heuristic initial solution of I100_S600_C153.txt has the score 63814.
The solution of I100_S600_C153.txt has the score 71660.
Optimized for 7846 points.
Execution time: 10.002564478851856 minutes.

The usage based heuristic initial solution of I100_S600_C153.txt has the score 60813.
The traffic based heuristic initial solution of I100_S600_C153.txt has the score 63837.
The solution of I100_S600_C153.txt has the score 68899.
Optimized for 5062 points.
Execution time: 10.002558559419898 minutes.

The usage based heuristic initial solution of I100_S600_C153.txt has the score 60813.
The traffic based heuristic initial solution of I100_S600_C153.txt has the score 63831.
The solution of I100_S600_C153.txt has the score 70284.
Optimized for 6453 points.
Execution time: 10.002571846731007 minutes.

The usage based heuristic initial solution of I12000_S36000_C2000.txt has the score 2784978.
The traffic based heuristic initial solution of I12000_S36000_C2000.txt has the score 2784956.
The solution of I12000_S36000_C2000.txt has the score 2785061.
Optimized for 83 points.
Execution time: 10.019328976601052 minutes.

The usage based heuristic initial solution of I12000_S36000_C2000.txt has the score 2784978.
The traffic based heuristic initial solution of I12000_S36000_C2000.txt has the score 2784956.
The solution of I12000_S36000_C2000.txt has the score 2785051.
Optimized for 73 points.
Execution time: 10.019848424452357 minutes.

The usage based heuristic initial solution of I12000_S36000_C2000.txt has the score 2784978.
The traffic based heuristic initial solution of I12000_S36000_C2000.txt has the score 2784956.
The solution of I12000_S36000_C2000.txt has the score 2785069.
Optimized for 91 points.
Execution time: 10.020613752515056 minutes.

The usage based heuristic initial solution of I12000_S36000_C2000.txt has the score 2784978.
The traffic based heuristic initial solution of I12000_S36000_C2000.txt has the score 2784956.
The solution of I12000_S36000_C2000.txt has the score 2785071.
Optimized for 93 points.
Execution time: 10.020693543467981 minutes.

The usage based heuristic initial solution of I12000_S36000_C2000.txt has the score 2784978.
The traffic based heuristic initial solution of I12000_S36000_C2000.txt has the score 2784956.
The solution of I12000_S36000_C2000.txt has the score 2785056.
Optimized for 78 points.
Execution time: 10.021139634532544 minutes.

The usage based heuristic initial solution of I10000_S35030_C1000.txt has the score 1290788.
The traffic based heuristic initial solution of I10000_S35030_C1000.txt has the score 1298720.
The solution of I10000_S35030_C1000.txt has the score 1300636.
Optimized for 1916 points.
Execution time: 10.063327824758987 minutes.

The usage based heuristic initial solution of I10000_S35030_C1000.txt has the score 1290788.
The traffic based heuristic initial solution of I10000_S35030_C1000.txt has the score 1298723.
The solution of I10000_S35030_C1000.txt has the score 1300312.
Optimized for 1589 points.
Execution time: 10.062979548401199 minutes.

The usage based heuristic initial solution of I1662_S10000_C1000.txt has the score 1293347.
The traffic based heuristic initial solution of I1662_S10000_C1000.txt has the score 761939.
The solution of I1662_S10000_C1000.txt has the score 1301348.
Optimized for 8001 points.
Execution time: 10.06424846923134 minutes.

The usage based heuristic initial solution of I10000_S35030_C1000.txt has the score 1290788.
The traffic based heuristic initial solution of I10000_S35030_C1000.txt has the score 1298720.
The solution of I10000_S35030_C1000.txt has the score 1300465.
Optimized for 1745 points.
Execution time: 10.066072551215377 minutes.

The usage based heuristic initial solution of I10000_S35030_C1000.txt has the score 1290788.
The traffic based heuristic initial solution of I10000_S35030_C1000.txt has the score 1298720.
The solution of I10000_S35030_C1000.txt has the score 1300056.
Optimized for 1336 points.
Execution time: 10.066505100484937 minutes.

The usage based heuristic initial solution of I1662_S10000_C1000.txt has the score 1293347.
The traffic based heuristic initial solution of I1662_S10000_C1000.txt has the score 763371.
The solution of I1662_S10000_C1000.txt has the score 1304770.
Optimized for 11423 points.
Execution time: 10.06720609080512 minutes.

The usage based heuristic initial solution of I1662_S10000_C1000.txt has the score 1293347.
The traffic based heuristic initial solution of I1662_S10000_C1000.txt has the score 784828.
The solution of I1662_S10000_C1000.txt has the score 1300507.
Optimized for 7160 points.
Execution time: 10.067579250534376 minutes.

The usage based heuristic initial solution of I10000_S35030_C1000.txt has the score 1290788.
The traffic based heuristic initial solution of I10000_S35030_C1000.txt has the score 1298720.
The solution of I10000_S35030_C1000.txt has the score 1300394.
Optimized for 1674 points.
Execution time: 10.067897391567628 minutes.

The usage based heuristic initial solution of I1662_S10000_C1000.txt has the score 1293347.
The traffic based heuristic initial solution of I1662_S10000_C1000.txt has the score 768227.
The solution of I1662_S10000_C1000.txt has the score 1300259.
Optimized for 6912 points.
Execution time: 10.069771454436705 minutes.

The usage based heuristic initial solution of I1662_S10000_C1000.txt has the score 1293347.
The traffic based heuristic initial solution of I1662_S10000_C1000.txt has the score 760695.
The solution of I1662_S10000_C1000.txt has the score 1299818.
Optimized for 6471 points.
Execution time: 10.070637597229021 minutes.

The usage based heuristic initial solution of I2000_S12000_C57.txt has the score 53447.
The traffic based heuristic initial solution of I2000_S12000_C57.txt has the score 53448.
The solution of I2000_S12000_C57.txt has the score 54495.
Optimized for 1047 points.
Execution time: 10.003529633612683 minutes.

The usage based heuristic initial solution of I2000_S12000_C57.txt has the score 53447.
The traffic based heuristic initial solution of I2000_S12000_C57.txt has the score 53448.
The solution of I2000_S12000_C57.txt has the score 54489.
Optimized for 1041 points.
Execution time: 10.00356884211457 minutes.

The usage based heuristic initial solution of I2000_S12000_C57.txt has the score 53447.
The traffic based heuristic initial solution of I2000_S12000_C57.txt has the score 53448.
The solution of I2000_S12000_C57.txt has the score 54489.
Optimized for 1041 points.
Execution time: 10.003579814832968 minutes.

The usage based heuristic initial solution of I2000_S12000_C57.txt has the score 53447.
The traffic based heuristic initial solution of I2000_S12000_C57.txt has the score 53448.
The solution of I2000_S12000_C57.txt has the score 54494.
Optimized for 1046 points.
Execution time: 10.003663305767502 minutes.

The usage based heuristic initial solution of I2000_S12000_C57.txt has the score 53447.
The traffic based heuristic initial solution of I2000_S12000_C57.txt has the score 53448.
The solution of I2000_S12000_C57.txt has the score 54493.
Optimized for 1045 points.
Execution time: 10.003757744003087 minutes.

The usage based heuristic initial solution of I300_S1500_C469.txt has the score 589462.
The traffic based heuristic initial solution of I300_S1500_C469.txt has the score 589379.
The solution of I300_S1500_C469.txt has the score 589889.
Optimized for 427 points.
Execution time: 10.004807400346424 minutes.

The usage based heuristic initial solution of I300_S1500_C469.txt has the score 589462.
The traffic based heuristic initial solution of I300_S1500_C469.txt has the score 589379.
The solution of I300_S1500_C469.txt has the score 589885.
Optimized for 423 points.
Execution time: 10.00491291595002 minutes.

The usage based heuristic initial solution of I200_S1000_C400.txt has the score 13238.
The traffic based heuristic initial solution of I200_S1000_C400.txt has the score 14639.
The solution of I200_S1000_C400.txt has the score 19244.
Optimized for 4605 points.
Execution time: 10.005131926286655 minutes.

The usage based heuristic initial solution of I300_S1500_C469.txt has the score 589462.
The traffic based heuristic initial solution of I300_S1500_C469.txt has the score 589379.
The solution of I300_S1500_C469.txt has the score 589825.
Optimized for 363 points.
Execution time: 10.004962329977813 minutes.

The usage based heuristic initial solution of I200_S1000_C400.txt has the score 13238.
The traffic based heuristic initial solution of I200_S1000_C400.txt has the score 14639.
The solution of I200_S1000_C400.txt has the score 18506.
Optimized for 3867 points.
Execution time: 10.00515723588566 minutes.

The usage based heuristic initial solution of I220_S660_C430.txt has the score 70189.
The traffic based heuristic initial solution of I220_S660_C430.txt has the score 106461.
The solution of I220_S660_C430.txt has the score 128334.
Optimized for 21873 points.
Execution time: 10.00525915500087 minutes.

The usage based heuristic initial solution of I200_S1000_C400.txt has the score 13238.
The traffic based heuristic initial solution of I200_S1000_C400.txt has the score 14639.
The solution of I200_S1000_C400.txt has the score 18549.
Optimized for 3910 points.
Execution time: 10.005326875438914 minutes.

The usage based heuristic initial solution of I300_S1500_C469.txt has the score 589462.
The traffic based heuristic initial solution of I300_S1500_C469.txt has the score 589379.
The solution of I300_S1500_C469.txt has the score 589909.
Optimized for 447 points.
Execution time: 10.005190948280505 minutes.

The usage based heuristic initial solution of I200_S1000_C400.txt has the score 13238.
The traffic based heuristic initial solution of I200_S1000_C400.txt has the score 14650.
The solution of I200_S1000_C400.txt has the score 18507.
Optimized for 3857 points.
Execution time: 10.005458270137508 minutes.

The usage based heuristic initial solution of I300_S1500_C469.txt has the score 589462.
The traffic based heuristic initial solution of I300_S1500_C469.txt has the score 589379.
The solution of I300_S1500_C469.txt has the score 589803.
Optimized for 341 points.
Execution time: 10.005320563702844 minutes.

The usage based heuristic initial solution of I220_S660_C430.txt has the score 70189.
The traffic based heuristic initial solution of I220_S660_C430.txt has the score 108595.
The solution of I220_S660_C430.txt has the score 128277.
Optimized for 19682 points.
Execution time: 10.00542903006232 minutes.

The usage based heuristic initial solution of I200_S1000_C400.txt has the score 13238.
The traffic based heuristic initial solution of I200_S1000_C400.txt has the score 15400.
The solution of I200_S1000_C400.txt has the score 19309.
Optimized for 3909 points.
Execution time: 10.005725080985576 minutes.

The usage based heuristic initial solution of I220_S660_C430.txt has the score 70189.
The traffic based heuristic initial solution of I220_S660_C430.txt has the score 110691.
The solution of I220_S660_C430.txt has the score 129712.
Optimized for 19021 points.
Execution time: 10.00578423240222 minutes.

The usage based heuristic initial solution of I3333_S13332_C428.txt has the score 102998.
The traffic based heuristic initial solution of I3333_S13332_C428.txt has the score 103000.
The solution of I3333_S13332_C428.txt has the score 103095.
Optimized for 95 points.
Execution time: 10.005638840817847 minutes.

The usage based heuristic initial solution of I220_S660_C430.txt has the score 70189.
The traffic based heuristic initial solution of I220_S660_C430.txt has the score 109263.
The solution of I220_S660_C430.txt has the score 128242.
Optimized for 18979 points.
Execution time: 10.005889050600429 minutes.

The usage based heuristic initial solution of I220_S660_C430.txt has the score 70189.
The traffic based heuristic initial solution of I220_S660_C430.txt has the score 106485.
The solution of I220_S660_C430.txt has the score 126869.
Optimized for 20384 points.
Execution time: 10.005932048203734 minutes.

The usage based heuristic initial solution of I3333_S13332_C428.txt has the score 102998.
The traffic based heuristic initial solution of I3333_S13332_C428.txt has the score 103000.
The solution of I3333_S13332_C428.txt has the score 103087.
Optimized for 87 points.
Execution time: 10.005861294618807 minutes.

The usage based heuristic initial solution of I3333_S13332_C428.txt has the score 102998.
The traffic based heuristic initial solution of I3333_S13332_C428.txt has the score 103000.
The solution of I3333_S13332_C428.txt has the score 103091.
Optimized for 91 points.
Execution time: 10.00595733631247 minutes.

The usage based heuristic initial solution of I3333_S13332_C428.txt has the score 102998.
The traffic based heuristic initial solution of I3333_S13332_C428.txt has the score 103000.
The solution of I3333_S13332_C428.txt has the score 103093.
Optimized for 93 points.
Execution time: 10.0059888500177 minutes.

The usage based heuristic initial solution of I3333_S13332_C428.txt has the score 102998.
The traffic based heuristic initial solution of I3333_S13332_C428.txt has the score 103000.
The solution of I3333_S13332_C428.txt has the score 103095.
Optimized for 95 points.
Execution time: 10.006161615431 minutes.

The usage based heuristic initial solution of I4000_S24000_C401.txt has the score 1695694.
The traffic based heuristic initial solution of I4000_S24000_C401.txt has the score 1695700.
The solution of I4000_S24000_C401.txt has the score 1695834.
Optimized for 134 points.
Execution time: 10.050750948054095 minutes.

The usage based heuristic initial solution of I4000_S24000_C401.txt has the score 1695694.
The traffic based heuristic initial solution of I4000_S24000_C401.txt has the score 1695700.
The solution of I4000_S24000_C401.txt has the score 1695811.
Optimized for 111 points.
Execution time: 10.051135768912111 minutes.

The usage based heuristic initial solution of I4000_S24000_C401.txt has the score 1695694.
The traffic based heuristic initial solution of I4000_S24000_C401.txt has the score 1695700.
The solution of I4000_S24000_C401.txt has the score 1695824.
Optimized for 124 points.
Execution time: 10.05309150260097 minutes.

The usage based heuristic initial solution of I4000_S24000_C401.txt has the score 1695694.
The traffic based heuristic initial solution of I4000_S24000_C401.txt has the score 1695700.
The solution of I4000_S24000_C401.txt has the score 1695787.
Optimized for 87 points.
Execution time: 10.053386985627004 minutes.

The usage based heuristic initial solution of I4000_S24000_C401.txt has the score 1695694.
The traffic based heuristic initial solution of I4000_S24000_C401.txt has the score 1695700.
The solution of I4000_S24000_C401.txt has the score 1695832.
Optimized for 132 points.
Execution time: 10.055204194760881 minutes.

The usage based heuristic initial solution of I80_S240_C300.txt has the score 108015.
The traffic based heuristic initial solution of I80_S240_C300.txt has the score 107931.
The solution of I80_S240_C300.txt has the score 108221.
Optimized for 206 points.
Execution time: 10.000380581019757 minutes.

The usage based heuristic initial solution of I80_S240_C300.txt has the score 108015.
The traffic based heuristic initial solution of I80_S240_C300.txt has the score 107931.
The solution of I80_S240_C300.txt has the score 108240.
Optimized for 225 points.
Execution time: 10.000385285130081 minutes.

The usage based heuristic initial solution of I80_S240_C300.txt has the score 108015.
The traffic based heuristic initial solution of I80_S240_C300.txt has the score 107931.
The solution of I80_S240_C300.txt has the score 108232.
Optimized for 217 points.
Execution time: 10.000367643676388 minutes.

The usage based heuristic initial solution of I80_S240_C300.txt has the score 108015.
The traffic based heuristic initial solution of I80_S240_C300.txt has the score 107931.
The solution of I80_S240_C300.txt has the score 108229.
Optimized for 214 points.
Execution time: 10.000383064950196 minutes.

The usage based heuristic initial solution of I80_S240_C300.txt has the score 108015.
The traffic based heuristic initial solution of I80_S240_C300.txt has the score 107931.
The solution of I80_S240_C300.txt has the score 108228.
Optimized for 213 points.
Execution time: 10.000403463382584 minutes.

The usage based heuristic initial solution of I80_S480_C600.txt has the score 420277.
The traffic based heuristic initial solution of I80_S480_C600.txt has the score 444841.
The solution of I80_S480_C600.txt has the score 479612.
Optimized for 34771 points.
Execution time: 10.001838794117793 minutes.

The usage based heuristic initial solution of I80_S480_C600.txt has the score 420277.
The traffic based heuristic initial solution of I80_S480_C600.txt has the score 439929.
The solution of I80_S480_C600.txt has the score 470584.
Optimized for 30655 points.
Execution time: 10.001858808177834 minutes.

The usage based heuristic initial solution of I80_S480_C600.txt has the score 420277.
The traffic based heuristic initial solution of I80_S480_C600.txt has the score 437614.
The solution of I80_S480_C600.txt has the score 479753.
Optimized for 42139 points.
Execution time: 10.001976415119135 minutes.

The usage based heuristic initial solution of I80_S480_C600.txt has the score 420277.
The traffic based heuristic initial solution of I80_S480_C600.txt has the score 437347.
The solution of I80_S480_C600.txt has the score 470296.
Optimized for 32949 points.
Execution time: 10.00202441381601 minutes.

The usage based heuristic initial solution of I80_S480_C600.txt has the score 420277.
The traffic based heuristic initial solution of I80_S480_C600.txt has the score 440814.
The solution of I80_S480_C600.txt has the score 474998.
Optimized for 34184 points.
Execution time: 10.002112255400668 minutes.

The usage based heuristic initial solution of I600_S3000_C332.txt has the score 119295.
The traffic based heuristic initial solution of I600_S3000_C332.txt has the score 118698.
The solution of I600_S3000_C332.txt has the score 122073.
Optimized for 2778 points.
Execution time: 10.010796642753606 minutes.

The usage based heuristic initial solution of I600_S3000_C332.txt has the score 119295.
The traffic based heuristic initial solution of I600_S3000_C332.txt has the score 118698.
The solution of I600_S3000_C332.txt has the score 121355.
Optimized for 2060 points.
Execution time: 10.010783314681612 minutes.

The usage based heuristic initial solution of I600_S3000_C332.txt has the score 119295.
The traffic based heuristic initial solution of I600_S3000_C332.txt has the score 118698.
The solution of I600_S3000_C332.txt has the score 122228.
Optimized for 2933 points.
Execution time: 10.010928289817336 minutes.

The usage based heuristic initial solution of I600_S3000_C332.txt has the score 119295.
The traffic based heuristic initial solution of I600_S3000_C332.txt has the score 118698.
The solution of I600_S3000_C332.txt has the score 122527.
Optimized for 3232 points.
Execution time: 10.011111719898569 minutes.

The usage based heuristic initial solution of I600_S3000_C332.txt has the score 119295.
The traffic based heuristic initial solution of I600_S3000_C332.txt has the score 118698.
The solution of I600_S3000_C332.txt has the score 122041.
Optimized for 2746 points.
Execution time: 10.011739921096401 minutes.

The usage based heuristic initial solution of I500_S998_C1000.txt has the score 714916.
The traffic based heuristic initial solution of I500_S998_C1000.txt has the score 662803.
The solution of I500_S998_C1000.txt has the score 742452.
Optimized for 27536 points.
Execution time: 10.012011130837102 minutes.

The usage based heuristic initial solution of I500_S998_C1000.txt has the score 714916.
The traffic based heuristic initial solution of I500_S998_C1000.txt has the score 660051.
The solution of I500_S998_C1000.txt has the score 746811.
Optimized for 31895 points.
Execution time: 10.012603936716914 minutes.

The usage based heuristic initial solution of I500_S998_C1000.txt has the score 714916.
The traffic based heuristic initial solution of I500_S998_C1000.txt has the score 660229.
The solution of I500_S998_C1000.txt has the score 743421.
Optimized for 28505 points.
Execution time: 10.012660428485834 minutes.

The usage based heuristic initial solution of I500_S998_C1000.txt has the score 714916.
The traffic based heuristic initial solution of I500_S998_C1000.txt has the score 661377.
The solution of I500_S998_C1000.txt has the score 744223.
Optimized for 29307 points.
Execution time: 10.013148528989404 minutes.

The usage based heuristic initial solution of I500_S998_C1000.txt has the score 714916.
The traffic based heuristic initial solution of I500_S998_C1000.txt has the score 667961.
The solution of I500_S998_C1000.txt has the score 743892.
Optimized for 28976 points.
Execution time: 10.0134740136719 minutes.

The usage based heuristic initial solution of I7073_S9102_C1000.txt has the score 4566384.
The traffic based heuristic initial solution of I7073_S9102_C1000.txt has the score 4566384.
The solution of I7073_S9102_C1000.txt has the score 4566695.
Optimized for 311 points.
Execution time: 10.062948316669402 minutes.

The usage based heuristic initial solution of I7073_S9102_C1000.txt has the score 4566384.
The traffic based heuristic initial solution of I7073_S9102_C1000.txt has the score 4566384.
The solution of I7073_S9102_C1000.txt has the score 4566769.
Optimized for 385 points.
Execution time: 10.076964886005348 minutes.

The usage based heuristic initial solution of I7073_S9102_C1000.txt has the score 4566384.
The traffic based heuristic initial solution of I7073_S9102_C1000.txt has the score 4566384.
The solution of I7073_S9102_C1000.txt has the score 4566662.
Optimized for 278 points.
Execution time: 10.078407187154516 minutes.

The usage based heuristic initial solution of I7073_S9102_C1000.txt has the score 4566384.
The traffic based heuristic initial solution of I7073_S9102_C1000.txt has the score 4566384.
The solution of I7073_S9102_C1000.txt has the score 4566668.
Optimized for 284 points.
Execution time: 10.08085340114776 minutes.

The usage based heuristic initial solution of I7073_S9102_C1000.txt has the score 4566384.
The traffic based heuristic initial solution of I7073_S9102_C1000.txt has the score 4566384.
The solution of I7073_S9102_C1000.txt has the score 4566767.
Optimized for 383 points.
Execution time: 10.085179356718436 minutes.

The usage based heuristic initial solution of I8000_S95928_C1000.txt has the score 1139761.
The traffic based heuristic initial solution of I8000_S95928_C1000.txt has the score 1549939.
The solution of I8000_S95928_C1000.txt has the score 1588987.
Optimized for 39048 points.
Execution time: 10.526135490081893 minutes.

The usage based heuristic initial solution of I8000_S95928_C1000.txt has the score 1139761.
The traffic based heuristic initial solution of I8000_S95928_C1000.txt has the score 1552483.
The solution of I8000_S95928_C1000.txt has the score 1584881.
Optimized for 32398 points.
Execution time: 10.539939962956122 minutes.

The usage based heuristic initial solution of I8000_S95928_C1000.txt has the score 1139761.
The traffic based heuristic initial solution of I8000_S95928_C1000.txt has the score 1553487.
The solution of I8000_S95928_C1000.txt has the score 1582296.
Optimized for 28809 points.
Execution time: 10.561539879185148 minutes.

The usage based heuristic initial solution of I8000_S95928_C1000.txt has the score 1139761.
The traffic based heuristic initial solution of I8000_S95928_C1000.txt has the score 1562922.
The solution of I8000_S95928_C1000.txt has the score 1584627.
Optimized for 21705 points.
Execution time: 10.574994282897872 minutes.

The usage based heuristic initial solution of I8000_S95928_C1000.txt has the score 1139761.
The traffic based heuristic initial solution of I8000_S95928_C1000.txt has the score 1561416.
The solution of I8000_S95928_C1000.txt has the score 1587574.
Optimized for 26158 points.
Execution time: 10.617641038595078 minutes.

The usage based heuristic initial solution of I99_S399_C400.txt has the score 145461.
The traffic based heuristic initial solution of I99_S399_C400.txt has the score 145268.
The solution of I99_S399_C400.txt has the score 145724.
Optimized for 263 points.
Execution time: 10.000515354502324 minutes.

The usage based heuristic initial solution of I99_S399_C400.txt has the score 145461.
The traffic based heuristic initial solution of I99_S399_C400.txt has the score 145268.
The solution of I99_S399_C400.txt has the score 145738.
Optimized for 277 points.
Execution time: 10.000513884432925 minutes.

The usage based heuristic initial solution of I99_S399_C400.txt has the score 145461.
The traffic based heuristic initial solution of I99_S399_C400.txt has the score 145268.
The solution of I99_S399_C400.txt has the score 145728.
Optimized for 267 points.
Execution time: 10.000531303603202 minutes.

The usage based heuristic initial solution of I99_S399_C400.txt has the score 145461.
The traffic based heuristic initial solution of I99_S399_C400.txt has the score 145268.
The solution of I99_S399_C400.txt has the score 145714.
Optimized for 253 points.
Execution time: 10.000564194532732 minutes.

The usage based heuristic initial solution of I99_S399_C400.txt has the score 145461.
The traffic based heuristic initial solution of I99_S399_C400.txt has the score 145268.
The solution of I99_S399_C400.txt has the score 145726.
Optimized for 265 points.
Execution time: 10.000573993652749 minutes.

The usage based heuristic initial solution of I9000_S36000_C1500.txt has the score 1128412.
The traffic based heuristic initial solution of I9000_S36000_C1500.txt has the score 1128385.
The solution of I9000_S36000_C1500.txt has the score 1128519.
Optimized for 107 points.
Execution time: 10.010022828852136 minutes.

The usage based heuristic initial solution of I9000_S36000_C1500.txt has the score 1128412.
The traffic based heuristic initial solution of I9000_S36000_C1500.txt has the score 1128385.
The solution of I9000_S36000_C1500.txt has the score 1128522.
Optimized for 110 points.
Execution time: 10.013109951900939 minutes.

The usage based heuristic initial solution of I9000_S36000_C1500.txt has the score 1128412.
The traffic based heuristic initial solution of I9000_S36000_C1500.txt has the score 1128385.
The solution of I9000_S36000_C1500.txt has the score 1128501.
Optimized for 89 points.
Execution time: 10.014037053271506 minutes.

The usage based heuristic initial solution of I9000_S36000_C1500.txt has the score 1128412.
The traffic based heuristic initial solution of I9000_S36000_C1500.txt has the score 1128385.
The solution of I9000_S36000_C1500.txt has the score 1128498.
Optimized for 86 points.
Execution time: 10.014178999583237 minutes.

The usage based heuristic initial solution of I9000_S36000_C1500.txt has the score 1128412.
The traffic based heuristic initial solution of I9000_S36000_C1500.txt has the score 1128385.
The solution of I9000_S36000_C1500.txt has the score 1128522.
Optimized for 110 points.
Execution time: 10.014233895360181 minutes.

