The usage based heuristic initial solution of I100_S500_C500.txt has the score 449528.
The traffic based heuristic initial solution of I100_S500_C500.txt has the score 449307.
The solution of I100_S500_C500.txt has the score 450197.
Optimized for 669 points.
Execution time: 10.000918486279746 minutes.

The usage based heuristic initial solution of I100_S500_C500.txt has the score 449528.
The traffic based heuristic initial solution of I100_S500_C500.txt has the score 449307.
The solution of I100_S500_C500.txt has the score 450222.
Optimized for 694 points.
Execution time: 10.000928436250737 minutes.

The usage based heuristic initial solution of I100_S500_C500.txt has the score 449528.
The traffic based heuristic initial solution of I100_S500_C500.txt has the score 449307.
The solution of I100_S500_C500.txt has the score 450207.
Optimized for 679 points.
Execution time: 10.000900645080643 minutes.

The usage based heuristic initial solution of I100_S500_C500.txt has the score 449528.
The traffic based heuristic initial solution of I100_S500_C500.txt has the score 449307.
The solution of I100_S500_C500.txt has the score 450246.
Optimized for 718 points.
Execution time: 10.000965301552787 minutes.

The usage based heuristic initial solution of I100_S500_C500.txt has the score 449528.
The traffic based heuristic initial solution of I100_S500_C500.txt has the score 449307.
The solution of I100_S500_C500.txt has the score 450225.
Optimized for 697 points.
Execution time: 10.000971264306767 minutes.

The usage based heuristic initial solution of I120_S480_C500.txt has the score 568233.
The traffic based heuristic initial solution of I120_S480_C500.txt has the score 568016.
The solution of I120_S480_C500.txt has the score 568779.
Optimized for 546 points.
Execution time: 10.001131316002768 minutes.

The usage based heuristic initial solution of I120_S480_C500.txt has the score 568233.
The traffic based heuristic initial solution of I120_S480_C500.txt has the score 568016.
The solution of I120_S480_C500.txt has the score 568702.
Optimized for 469 points.
Execution time: 10.001114357053302 minutes.

The usage based heuristic initial solution of I120_S480_C500.txt has the score 568233.
The traffic based heuristic initial solution of I120_S480_C500.txt has the score 568016.
The solution of I120_S480_C500.txt has the score 568735.
Optimized for 502 points.
Execution time: 10.001142123318278 minutes.

The usage based heuristic initial solution of I120_S480_C500.txt has the score 568233.
The traffic based heuristic initial solution of I120_S480_C500.txt has the score 568016.
The solution of I120_S480_C500.txt has the score 568714.
Optimized for 481 points.
Execution time: 10.001146716096748 minutes.

The usage based heuristic initial solution of I120_S480_C500.txt has the score 568233.
The traffic based heuristic initial solution of I120_S480_C500.txt has the score 568016.
The solution of I120_S480_C500.txt has the score 568734.
Optimized for 501 points.
Execution time: 10.001184811117128 minutes.

The usage based heuristic initial solution of I100_S600_C153.txt has the score 60813.
The traffic based heuristic initial solution of I100_S600_C153.txt has the score 63123.
The solution of I100_S600_C153.txt has the score 72488.
Optimized for 9365 points.
Execution time: 10.002403384183223 minutes.

The usage based heuristic initial solution of I100_S600_C153.txt has the score 60813.
The traffic based heuristic initial solution of I100_S600_C153.txt has the score 64532.
The solution of I100_S600_C153.txt has the score 71118.
Optimized for 6586 points.
Execution time: 10.002506830450148 minutes.

The usage based heuristic initial solution of I100_S600_C153.txt has the score 60813.
The traffic based heuristic initial solution of I100_S600_C153.txt has the score 63841.
The solution of I100_S600_C153.txt has the score 72471.
Optimized for 8630 points.
Execution time: 10.00258801864305 minutes.

The usage based heuristic initial solution of I100_S600_C153.txt has the score 60813.
The traffic based heuristic initial solution of I100_S600_C153.txt has the score 63827.
The solution of I100_S600_C153.txt has the score 71809.
Optimized for 7982 points.
Execution time: 10.00261794781157 minutes.

The usage based heuristic initial solution of I100_S600_C153.txt has the score 60813.
The traffic based heuristic initial solution of I100_S600_C153.txt has the score 63849.
The solution of I100_S600_C153.txt has the score 71847.
Optimized for 7998 points.
Execution time: 10.002643704468694 minutes.

The usage based heuristic initial solution of I12000_S36000_C2000.txt has the score 2784978.
The traffic based heuristic initial solution of I12000_S36000_C2000.txt has the score 2784956.
The solution of I12000_S36000_C2000.txt has the score 2785131.
Optimized for 153 points.
Execution time: 10.018994760109733 minutes.

The usage based heuristic initial solution of I12000_S36000_C2000.txt has the score 2784978.
The traffic based heuristic initial solution of I12000_S36000_C2000.txt has the score 2784956.
The solution of I12000_S36000_C2000.txt has the score 2785137.
Optimized for 159 points.
Execution time: 10.019874964964886 minutes.

The usage based heuristic initial solution of I12000_S36000_C2000.txt has the score 2784978.
The traffic based heuristic initial solution of I12000_S36000_C2000.txt has the score 2784956.
The solution of I12000_S36000_C2000.txt has the score 2785129.
Optimized for 151 points.
Execution time: 10.020337198317671 minutes.

The usage based heuristic initial solution of I12000_S36000_C2000.txt has the score 2784978.
The traffic based heuristic initial solution of I12000_S36000_C2000.txt has the score 2784956.
The solution of I12000_S36000_C2000.txt has the score 2785127.
Optimized for 149 points.
Execution time: 10.02080772711585 minutes.

The usage based heuristic initial solution of I12000_S36000_C2000.txt has the score 2784978.
The traffic based heuristic initial solution of I12000_S36000_C2000.txt has the score 2784956.
The solution of I12000_S36000_C2000.txt has the score 2785123.
Optimized for 145 points.
Execution time: 10.0211657918524 minutes.

The usage based heuristic initial solution of I10000_S35030_C1000.txt has the score 1290788.
The traffic based heuristic initial solution of I10000_S35030_C1000.txt has the score 1298723.
The solution of I10000_S35030_C1000.txt has the score 1301194.
Optimized for 2471 points.
Execution time: 10.061155642204296 minutes.

The usage based heuristic initial solution of I10000_S35030_C1000.txt has the score 1290788.
The traffic based heuristic initial solution of I10000_S35030_C1000.txt has the score 1298720.
The solution of I10000_S35030_C1000.txt has the score 1301585.
Optimized for 2865 points.
Execution time: 10.061703699082136 minutes.

The usage based heuristic initial solution of I10000_S35030_C1000.txt has the score 1290788.
The traffic based heuristic initial solution of I10000_S35030_C1000.txt has the score 1298720.
The solution of I10000_S35030_C1000.txt has the score 1301120.
Optimized for 2400 points.
Execution time: 10.06253012783515 minutes.

The usage based heuristic initial solution of I10000_S35030_C1000.txt has the score 1290788.
The traffic based heuristic initial solution of I10000_S35030_C1000.txt has the score 1298720.
The solution of I10000_S35030_C1000.txt has the score 1300562.
Optimized for 1842 points.
Execution time: 10.065142125698427 minutes.

The usage based heuristic initial solution of I10000_S35030_C1000.txt has the score 1290788.
The traffic based heuristic initial solution of I10000_S35030_C1000.txt has the score 1298723.
The solution of I10000_S35030_C1000.txt has the score 1301830.
Optimized for 3107 points.
Execution time: 10.06577125567322 minutes.

The usage based heuristic initial solution of I1662_S10000_C1000.txt has the score 1293347.
The traffic based heuristic initial solution of I1662_S10000_C1000.txt has the score 784833.
The solution of I1662_S10000_C1000.txt has the score 1304893.
Optimized for 11546 points.
Execution time: 10.067471518871995 minutes.

The usage based heuristic initial solution of I1662_S10000_C1000.txt has the score 1293347.
The traffic based heuristic initial solution of I1662_S10000_C1000.txt has the score 766821.
The solution of I1662_S10000_C1000.txt has the score 1303183.
Optimized for 9836 points.
Execution time: 10.068637937416012 minutes.

The usage based heuristic initial solution of I1662_S10000_C1000.txt has the score 1293347.
The traffic based heuristic initial solution of I1662_S10000_C1000.txt has the score 768475.
The solution of I1662_S10000_C1000.txt has the score 1302278.
Optimized for 8931 points.
Execution time: 10.069029469888967 minutes.

The usage based heuristic initial solution of I1662_S10000_C1000.txt has the score 1293347.
The traffic based heuristic initial solution of I1662_S10000_C1000.txt has the score 780774.
The solution of I1662_S10000_C1000.txt has the score 1306952.
Optimized for 13605 points.
Execution time: 10.069392023414062 minutes.

The usage based heuristic initial solution of I1662_S10000_C1000.txt has the score 1293347.
The traffic based heuristic initial solution of I1662_S10000_C1000.txt has the score 761910.
The solution of I1662_S10000_C1000.txt has the score 1303682.
Optimized for 10335 points.
Execution time: 10.06981869993421 minutes.

The usage based heuristic initial solution of I2000_S12000_C57.txt has the score 53447.
The traffic based heuristic initial solution of I2000_S12000_C57.txt has the score 53448.
The solution of I2000_S12000_C57.txt has the score 54499.
Optimized for 1051 points.
Execution time: 10.003595917470133 minutes.

The usage based heuristic initial solution of I2000_S12000_C57.txt has the score 53447.
The traffic based heuristic initial solution of I2000_S12000_C57.txt has the score 53448.
The solution of I2000_S12000_C57.txt has the score 54504.
Optimized for 1056 points.
Execution time: 10.003676092834212 minutes.

The usage based heuristic initial solution of I2000_S12000_C57.txt has the score 53447.
The traffic based heuristic initial solution of I2000_S12000_C57.txt has the score 53448.
The solution of I2000_S12000_C57.txt has the score 54505.
Optimized for 1057 points.
Execution time: 10.003684797448416 minutes.

The usage based heuristic initial solution of I2000_S12000_C57.txt has the score 53447.
The traffic based heuristic initial solution of I2000_S12000_C57.txt has the score 53448.
The solution of I2000_S12000_C57.txt has the score 54504.
Optimized for 1056 points.
Execution time: 10.00370932344813 minutes.

The usage based heuristic initial solution of I2000_S12000_C57.txt has the score 53447.
The traffic based heuristic initial solution of I2000_S12000_C57.txt has the score 53448.
The solution of I2000_S12000_C57.txt has the score 54506.
Optimized for 1058 points.
Execution time: 10.003748694054472 minutes.

The usage based heuristic initial solution of I300_S1500_C469.txt has the score 589462.
The traffic based heuristic initial solution of I300_S1500_C469.txt has the score 589379.
The solution of I300_S1500_C469.txt has the score 590168.
Optimized for 706 points.
Execution time: 10.004912220756523 minutes.

The usage based heuristic initial solution of I300_S1500_C469.txt has the score 589462.
The traffic based heuristic initial solution of I300_S1500_C469.txt has the score 589379.
The solution of I300_S1500_C469.txt has the score 590124.
Optimized for 662 points.
Execution time: 10.004971019388176 minutes.

The usage based heuristic initial solution of I200_S1000_C400.txt has the score 13238.
The traffic based heuristic initial solution of I200_S1000_C400.txt has the score 15663.
The solution of I200_S1000_C400.txt has the score 21355.
Optimized for 5692 points.
Execution time: 10.005262250080705 minutes.

The usage based heuristic initial solution of I300_S1500_C469.txt has the score 589462.
The traffic based heuristic initial solution of I300_S1500_C469.txt has the score 589379.
The solution of I300_S1500_C469.txt has the score 590130.
Optimized for 668 points.
Execution time: 10.005032943398692 minutes.

The usage based heuristic initial solution of I300_S1500_C469.txt has the score 589462.
The traffic based heuristic initial solution of I300_S1500_C469.txt has the score 589379.
The solution of I300_S1500_C469.txt has the score 590108.
Optimized for 646 points.
Execution time: 10.005172807599108 minutes.

The usage based heuristic initial solution of I200_S1000_C400.txt has the score 13238.
The traffic based heuristic initial solution of I200_S1000_C400.txt has the score 14642.
The solution of I200_S1000_C400.txt has the score 20601.
Optimized for 5959 points.
Execution time: 10.005503889514754 minutes.

The usage based heuristic initial solution of I200_S1000_C400.txt has the score 13238.
The traffic based heuristic initial solution of I200_S1000_C400.txt has the score 14882.
The solution of I200_S1000_C400.txt has the score 19791.
Optimized for 4909 points.
Execution time: 10.00553358256972 minutes.

The usage based heuristic initial solution of I220_S660_C430.txt has the score 70189.
The traffic based heuristic initial solution of I220_S660_C430.txt has the score 105773.
The solution of I220_S660_C430.txt has the score 135434.
Optimized for 29661 points.
Execution time: 10.00541415233165 minutes.

The usage based heuristic initial solution of I300_S1500_C469.txt has the score 589462.
The traffic based heuristic initial solution of I300_S1500_C469.txt has the score 589379.
The solution of I300_S1500_C469.txt has the score 590120.
Optimized for 658 points.
Execution time: 10.005330970316814 minutes.

The usage based heuristic initial solution of I220_S660_C430.txt has the score 70189.
The traffic based heuristic initial solution of I220_S660_C430.txt has the score 109259.
The solution of I220_S660_C430.txt has the score 136086.
Optimized for 26827 points.
Execution time: 10.005508346428785 minutes.

The usage based heuristic initial solution of I220_S660_C430.txt has the score 70189.
The traffic based heuristic initial solution of I220_S660_C430.txt has the score 105766.
The solution of I220_S660_C430.txt has the score 136736.
Optimized for 30970 points.
Execution time: 10.005473125834639 minutes.

The usage based heuristic initial solution of I200_S1000_C400.txt has the score 13238.
The traffic based heuristic initial solution of I200_S1000_C400.txt has the score 14903.
The solution of I200_S1000_C400.txt has the score 19402.
Optimized for 4499 points.
Execution time: 10.005602929896364 minutes.

The usage based heuristic initial solution of I200_S1000_C400.txt has the score 13238.
The traffic based heuristic initial solution of I200_S1000_C400.txt has the score 14410.
The solution of I200_S1000_C400.txt has the score 20334.
Optimized for 5924 points.
Execution time: 10.005847330003355 minutes.

The usage based heuristic initial solution of I220_S660_C430.txt has the score 70189.
The traffic based heuristic initial solution of I220_S660_C430.txt has the score 113479.
The solution of I220_S660_C430.txt has the score 136090.
Optimized for 22611 points.
Execution time: 10.005787253496237 minutes.

The usage based heuristic initial solution of I220_S660_C430.txt has the score 70189.
The traffic based heuristic initial solution of I220_S660_C430.txt has the score 109924.
The solution of I220_S660_C430.txt has the score 133275.
Optimized for 23351 points.
Execution time: 10.005865182362808 minutes.

The usage based heuristic initial solution of I3333_S13332_C428.txt has the score 102998.
The traffic based heuristic initial solution of I3333_S13332_C428.txt has the score 103000.
The solution of I3333_S13332_C428.txt has the score 103142.
Optimized for 142 points.
Execution time: 10.005686063234073 minutes.

The usage based heuristic initial solution of I3333_S13332_C428.txt has the score 102998.
The traffic based heuristic initial solution of I3333_S13332_C428.txt has the score 103000.
The solution of I3333_S13332_C428.txt has the score 103145.
Optimized for 145 points.
Execution time: 10.006010219439244 minutes.

The usage based heuristic initial solution of I3333_S13332_C428.txt has the score 102998.
The traffic based heuristic initial solution of I3333_S13332_C428.txt has the score 103000.
The solution of I3333_S13332_C428.txt has the score 103147.
Optimized for 147 points.
Execution time: 10.006061541746991 minutes.

The usage based heuristic initial solution of I3333_S13332_C428.txt has the score 102998.
The traffic based heuristic initial solution of I3333_S13332_C428.txt has the score 103000.
The solution of I3333_S13332_C428.txt has the score 103146.
Optimized for 146 points.
Execution time: 10.006128182347554 minutes.

The usage based heuristic initial solution of I3333_S13332_C428.txt has the score 102998.
The traffic based heuristic initial solution of I3333_S13332_C428.txt has the score 103000.
The solution of I3333_S13332_C428.txt has the score 103145.
Optimized for 145 points.
Execution time: 10.006125018481786 minutes.

The usage based heuristic initial solution of I4000_S24000_C401.txt has the score 1695694.
The traffic based heuristic initial solution of I4000_S24000_C401.txt has the score 1695700.
The solution of I4000_S24000_C401.txt has the score 1695874.
Optimized for 174 points.
Execution time: 10.054207364019627 minutes.

The usage based heuristic initial solution of I4000_S24000_C401.txt has the score 1695694.
The traffic based heuristic initial solution of I4000_S24000_C401.txt has the score 1695700.
The solution of I4000_S24000_C401.txt has the score 1695876.
Optimized for 176 points.
Execution time: 10.054503016235929 minutes.

The usage based heuristic initial solution of I4000_S24000_C401.txt has the score 1695694.
The traffic based heuristic initial solution of I4000_S24000_C401.txt has the score 1695700.
The solution of I4000_S24000_C401.txt has the score 1695874.
Optimized for 174 points.
Execution time: 10.054688754538073 minutes.

The usage based heuristic initial solution of I4000_S24000_C401.txt has the score 1695694.
The traffic based heuristic initial solution of I4000_S24000_C401.txt has the score 1695700.
The solution of I4000_S24000_C401.txt has the score 1695900.
Optimized for 200 points.
Execution time: 10.05563303991997 minutes.

The usage based heuristic initial solution of I4000_S24000_C401.txt has the score 1695694.
The traffic based heuristic initial solution of I4000_S24000_C401.txt has the score 1695700.
The solution of I4000_S24000_C401.txt has the score 1695865.
Optimized for 165 points.
Execution time: 10.05713906288147 minutes.

The usage based heuristic initial solution of I80_S240_C300.txt has the score 108015.
The traffic based heuristic initial solution of I80_S240_C300.txt has the score 107931.
The solution of I80_S240_C300.txt has the score 108266.
Optimized for 251 points.
Execution time: 10.000382685653555 minutes.

The usage based heuristic initial solution of I80_S240_C300.txt has the score 108015.
The traffic based heuristic initial solution of I80_S240_C300.txt has the score 107931.
The solution of I80_S240_C300.txt has the score 108252.
Optimized for 237 points.
Execution time: 10.000361568651472 minutes.

The usage based heuristic initial solution of I80_S240_C300.txt has the score 108015.
The traffic based heuristic initial solution of I80_S240_C300.txt has the score 107931.
The solution of I80_S240_C300.txt has the score 108270.
Optimized for 255 points.
Execution time: 10.000378803621667 minutes.

The usage based heuristic initial solution of I80_S240_C300.txt has the score 108015.
The traffic based heuristic initial solution of I80_S240_C300.txt has the score 107931.
The solution of I80_S240_C300.txt has the score 108277.
Optimized for 262 points.
Execution time: 10.00038895518519 minutes.

The usage based heuristic initial solution of I80_S240_C300.txt has the score 108015.
The traffic based heuristic initial solution of I80_S240_C300.txt has the score 107931.
The solution of I80_S240_C300.txt has the score 108268.
Optimized for 253 points.
Execution time: 10.000389419402927 minutes.

The usage based heuristic initial solution of I80_S480_C600.txt has the score 420277.
The traffic based heuristic initial solution of I80_S480_C600.txt has the score 441525.
The solution of I80_S480_C600.txt has the score 480565.
Optimized for 39040 points.
Execution time: 10.001860731646108 minutes.

The usage based heuristic initial solution of I80_S480_C600.txt has the score 420277.
The traffic based heuristic initial solution of I80_S480_C600.txt has the score 442118.
The solution of I80_S480_C600.txt has the score 482186.
Optimized for 40068 points.
Execution time: 10.001846379685837 minutes.

The usage based heuristic initial solution of I80_S480_C600.txt has the score 420277.
The traffic based heuristic initial solution of I80_S480_C600.txt has the score 440016.
The solution of I80_S480_C600.txt has the score 479530.
Optimized for 39514 points.
Execution time: 10.00190891751554 minutes.

The usage based heuristic initial solution of I80_S480_C600.txt has the score 420277.
The traffic based heuristic initial solution of I80_S480_C600.txt has the score 443210.
The solution of I80_S480_C600.txt has the score 478927.
Optimized for 35717 points.
Execution time: 10.002050179219804 minutes.

The usage based heuristic initial solution of I80_S480_C600.txt has the score 420277.
The traffic based heuristic initial solution of I80_S480_C600.txt has the score 437368.
The solution of I80_S480_C600.txt has the score 478732.
Optimized for 41364 points.
Execution time: 10.002095318934881 minutes.

The usage based heuristic initial solution of I600_S3000_C332.txt has the score 119295.
The traffic based heuristic initial solution of I600_S3000_C332.txt has the score 118698.
The solution of I600_S3000_C332.txt has the score 122517.
Optimized for 3222 points.
Execution time: 10.010787259344943 minutes.

The usage based heuristic initial solution of I600_S3000_C332.txt has the score 119295.
The traffic based heuristic initial solution of I600_S3000_C332.txt has the score 118698.
The solution of I600_S3000_C332.txt has the score 122781.
Optimized for 3486 points.
Execution time: 10.010884366983857 minutes.

The usage based heuristic initial solution of I600_S3000_C332.txt has the score 119295.
The traffic based heuristic initial solution of I600_S3000_C332.txt has the score 118698.
The solution of I600_S3000_C332.txt has the score 122540.
Optimized for 3245 points.
Execution time: 10.011012129043229 minutes.

The usage based heuristic initial solution of I600_S3000_C332.txt has the score 119295.
The traffic based heuristic initial solution of I600_S3000_C332.txt has the score 118698.
The solution of I600_S3000_C332.txt has the score 122398.
Optimized for 3103 points.
Execution time: 10.011351574833194 minutes.

The usage based heuristic initial solution of I600_S3000_C332.txt has the score 119295.
The traffic based heuristic initial solution of I600_S3000_C332.txt has the score 118698.
The solution of I600_S3000_C332.txt has the score 123022.
Optimized for 3727 points.
Execution time: 10.011473728095492 minutes.

The usage based heuristic initial solution of I500_S998_C1000.txt has the score 714916.
The traffic based heuristic initial solution of I500_S998_C1000.txt has the score 661204.
The solution of I500_S998_C1000.txt has the score 745245.
Optimized for 30329 points.
Execution time: 10.012700465748397 minutes.

The usage based heuristic initial solution of I500_S998_C1000.txt has the score 714916.
The traffic based heuristic initial solution of I500_S998_C1000.txt has the score 664045.
The solution of I500_S998_C1000.txt has the score 744245.
Optimized for 29329 points.
Execution time: 10.013232996850274 minutes.

The usage based heuristic initial solution of I500_S998_C1000.txt has the score 714916.
The traffic based heuristic initial solution of I500_S998_C1000.txt has the score 661002.
The solution of I500_S998_C1000.txt has the score 748797.
Optimized for 33881 points.
Execution time: 10.01308391763984 minutes.

The usage based heuristic initial solution of I500_S998_C1000.txt has the score 714916.
The traffic based heuristic initial solution of I500_S998_C1000.txt has the score 658271.
The solution of I500_S998_C1000.txt has the score 745853.
Optimized for 30937 points.
Execution time: 10.013180892247085 minutes.

The usage based heuristic initial solution of I500_S998_C1000.txt has the score 714916.
The traffic based heuristic initial solution of I500_S998_C1000.txt has the score 660720.
The solution of I500_S998_C1000.txt has the score 746311.
Optimized for 31395 points.
Execution time: 10.01342939317692 minutes.

The usage based heuristic initial solution of I7073_S9102_C1000.txt has the score 4566384.
The traffic based heuristic initial solution of I7073_S9102_C1000.txt has the score 4566384.
The solution of I7073_S9102_C1000.txt has the score 4567006.
Optimized for 622 points.
Execution time: 10.075240873956743 minutes.

The usage based heuristic initial solution of I7073_S9102_C1000.txt has the score 4566384.
The traffic based heuristic initial solution of I7073_S9102_C1000.txt has the score 4566384.
The solution of I7073_S9102_C1000.txt has the score 4566868.
Optimized for 484 points.
Execution time: 10.078916070936248 minutes.

The usage based heuristic initial solution of I7073_S9102_C1000.txt has the score 4566384.
The traffic based heuristic initial solution of I7073_S9102_C1000.txt has the score 4566384.
The solution of I7073_S9102_C1000.txt has the score 4567022.
Optimized for 638 points.
Execution time: 10.080040289849665 minutes.

The usage based heuristic initial solution of I7073_S9102_C1000.txt has the score 4566384.
The traffic based heuristic initial solution of I7073_S9102_C1000.txt has the score 4566384.
The solution of I7073_S9102_C1000.txt has the score 4567054.
Optimized for 670 points.
Execution time: 10.084766697635253 minutes.

The usage based heuristic initial solution of I7073_S9102_C1000.txt has the score 4566384.
The traffic based heuristic initial solution of I7073_S9102_C1000.txt has the score 4566384.
The solution of I7073_S9102_C1000.txt has the score 4566953.
Optimized for 569 points.
Execution time: 10.086120012030005 minutes.

The usage based heuristic initial solution of I8000_S95928_C1000.txt has the score 1139761.
The traffic based heuristic initial solution of I8000_S95928_C1000.txt has the score 1559394.
The solution of I8000_S95928_C1000.txt has the score 1591469.
Optimized for 32075 points.
Execution time: 10.498551618199174 minutes.

The usage based heuristic initial solution of I8000_S95928_C1000.txt has the score 1139761.
The traffic based heuristic initial solution of I8000_S95928_C1000.txt has the score 1557616.
The solution of I8000_S95928_C1000.txt has the score 1589013.
Optimized for 31397 points.
Execution time: 10.511346631900718 minutes.

The usage based heuristic initial solution of I8000_S95928_C1000.txt has the score 1139761.
The traffic based heuristic initial solution of I8000_S95928_C1000.txt has the score 1555219.
The solution of I8000_S95928_C1000.txt has the score 1574895.
Optimized for 19676 points.
Execution time: 10.522699927748182 minutes.

The usage based heuristic initial solution of I8000_S95928_C1000.txt has the score 1139761.
The traffic based heuristic initial solution of I8000_S95928_C1000.txt has the score 1553482.
The solution of I8000_S95928_C1000.txt has the score 1585290.
Optimized for 31808 points.
Execution time: 10.541603732916217 minutes.

The usage based heuristic initial solution of I8000_S95928_C1000.txt has the score 1139761.
The traffic based heuristic initial solution of I8000_S95928_C1000.txt has the score 1556896.
The solution of I8000_S95928_C1000.txt has the score 1580222.
Optimized for 23326 points.
Execution time: 10.562080118789648 minutes.

The usage based heuristic initial solution of I99_S399_C400.txt has the score 145461.
The traffic based heuristic initial solution of I99_S399_C400.txt has the score 145268.
The solution of I99_S399_C400.txt has the score 145816.
Optimized for 355 points.
Execution time: 10.000551902401883 minutes.

The usage based heuristic initial solution of I99_S399_C400.txt has the score 145461.
The traffic based heuristic initial solution of I99_S399_C400.txt has the score 145268.
The solution of I99_S399_C400.txt has the score 145824.
Optimized for 363 points.
Execution time: 10.000530061987229 minutes.

The usage based heuristic initial solution of I99_S399_C400.txt has the score 145461.
The traffic based heuristic initial solution of I99_S399_C400.txt has the score 145268.
The solution of I99_S399_C400.txt has the score 145821.
Optimized for 360 points.
Execution time: 10.000523393903858 minutes.

The usage based heuristic initial solution of I99_S399_C400.txt has the score 145461.
The traffic based heuristic initial solution of I99_S399_C400.txt has the score 145268.
The solution of I99_S399_C400.txt has the score 145812.
Optimized for 351 points.
Execution time: 10.000551457578938 minutes.

The usage based heuristic initial solution of I99_S399_C400.txt has the score 145461.
The traffic based heuristic initial solution of I99_S399_C400.txt has the score 145268.
The solution of I99_S399_C400.txt has the score 145808.
Optimized for 347 points.
Execution time: 10.000553732885358 minutes.

The usage based heuristic initial solution of I9000_S36000_C1500.txt has the score 1128412.
The traffic based heuristic initial solution of I9000_S36000_C1500.txt has the score 1128385.
The solution of I9000_S36000_C1500.txt has the score 1128580.
Optimized for 168 points.
Execution time: 10.012823855465589 minutes.

The usage based heuristic initial solution of I9000_S36000_C1500.txt has the score 1128412.
The traffic based heuristic initial solution of I9000_S36000_C1500.txt has the score 1128385.
The solution of I9000_S36000_C1500.txt has the score 1128586.
Optimized for 174 points.
Execution time: 10.012949248682707 minutes.

The usage based heuristic initial solution of I9000_S36000_C1500.txt has the score 1128412.
The traffic based heuristic initial solution of I9000_S36000_C1500.txt has the score 1128385.
The solution of I9000_S36000_C1500.txt has the score 1128588.
Optimized for 176 points.
Execution time: 10.013183497971234 minutes.

The usage based heuristic initial solution of I9000_S36000_C1500.txt has the score 1128412.
The traffic based heuristic initial solution of I9000_S36000_C1500.txt has the score 1128385.
The solution of I9000_S36000_C1500.txt has the score 1128582.
Optimized for 170 points.
Execution time: 10.0134346932328 minutes.

The usage based heuristic initial solution of I9000_S36000_C1500.txt has the score 1128412.
The traffic based heuristic initial solution of I9000_S36000_C1500.txt has the score 1128385.
The solution of I9000_S36000_C1500.txt has the score 1128598.
Optimized for 186 points.
Execution time: 10.01408140817657 minutes.

