Traceback (most recent call last):
Traceback (most recent call last):
  File "/home/uranlajci/kodi/traffic-signaling/ils_ssga.py", line 92, in <module>
  File "/home/uranlajci/kodi/traffic-signaling/ils_ssga.py", line 92, in <module>
    main(args.instance_name, args.variant, args.version)
    main(args.instance_name, args.variant, args.version)
  File "/home/uranlajci/kodi/traffic-signaling/ils_ssga.py", line 58, in main
  File "/home/uranlajci/kodi/traffic-signaling/ils_ssga.py", line 58, in main
    initial_solution = readSolution(
    initial_solution = readSolution(
  File "/home/uranlajci/kodi/traffic-signaling/ils_ssga.py", line 21, in readSolution
  File "/home/uranlajci/kodi/traffic-signaling/ils_ssga.py", line 21, in readSolution
    with open(solution_file_path) as f:
    with open(solution_file_path) as f:
FileNotFoundError: [Errno 2] No such file or directory: 'seeds/I12000_S36000_C2000.txt.out'
FileNotFoundError: [Errno 2] No such file or directory: 'seeds/I12000_S36000_C2000.txt.out'
Traceback (most recent call last):
  File "/home/uranlajci/kodi/traffic-signaling/ils_ssga.py", line 92, in <module>
    main(args.instance_name, args.variant, args.version)
  File "/home/uranlajci/kodi/traffic-signaling/ils_ssga.py", line 58, in main
    initial_solution = readSolution(
  File "/home/uranlajci/kodi/traffic-signaling/ils_ssga.py", line 21, in readSolution
    with open(solution_file_path) as f:
FileNotFoundError: [Errno 2] No such file or directory: 'seeds/I12000_S36000_C2000.txt.out'
Traceback (most recent call last):
Traceback (most recent call last):
  File "/home/uranlajci/kodi/traffic-signaling/ils_ssga.py", line 92, in <module>
  File "/home/uranlajci/kodi/traffic-signaling/ils_ssga.py", line 92, in <module>
    main(args.instance_name, args.variant, args.version)
    main(args.instance_name, args.variant, args.version)
  File "/home/uranlajci/kodi/traffic-signaling/ils_ssga.py", line 58, in main
  File "/home/uranlajci/kodi/traffic-signaling/ils_ssga.py", line 58, in main
    initial_solution = readSolution(
    initial_solution = readSolution(
  File "/home/uranlajci/kodi/traffic-signaling/ils_ssga.py", line 21, in readSolution
  File "/home/uranlajci/kodi/traffic-signaling/ils_ssga.py", line 21, in readSolution
    with open(solution_file_path) as f:
    with open(solution_file_path) as f:
FileNotFoundError: [Errno 2] No such file or directory: 'seeds/I12000_S36000_C2000.txt.out'
FileNotFoundError: [Errno 2] No such file or directory: 'seeds/I12000_S36000_C2000.txt.out'
The initial solution of I100_S500_C500.txt has the score 450483.
The solution of I100_S500_C500.txt has the score 450485.
Optimized for 2 points.
Execution time: 60.00088521700042 minutes.

The initial solution of I100_S500_C500.txt has the score 450483.
The solution of I100_S500_C500.txt has the score 450483.
Optimized for 0 points.
Execution time: 60.00090278268326 minutes.

The initial solution of I100_S500_C500.txt has the score 450483.
The solution of I100_S500_C500.txt has the score 450484.
Optimized for 1 points.
Execution time: 60.00097372625023 minutes.

The initial solution of I100_S500_C500.txt has the score 450483.
The solution of I100_S500_C500.txt has the score 450483.
Optimized for 0 points.
Execution time: 60.00137773405295 minutes.

The initial solution of I120_S480_C500.txt has the score 568965.
The solution of I120_S480_C500.txt has the score 568965.
Optimized for 0 points.
Execution time: 60.00107321975132 minutes.

The initial solution of I100_S500_C500.txt has the score 450483.
The solution of I100_S500_C500.txt has the score 450483.
Optimized for 0 points.
Execution time: 60.001781543064865 minutes.

The initial solution of I120_S480_C500.txt has the score 568965.
The solution of I120_S480_C500.txt has the score 568965.
Optimized for 0 points.
Execution time: 60.00146809975461 minutes.

The initial solution of I100_S600_C153.txt has the score 77275.
The solution of I100_S600_C153.txt has the score 78513.
Optimized for 1238 points.
Execution time: 60.002097110450265 minutes.

The initial solution of I120_S480_C500.txt has the score 568965.
The solution of I120_S480_C500.txt has the score 568974.
Optimized for 9 points.
Execution time: 60.00171948655043 minutes.

The initial solution of I100_S600_C153.txt has the score 77275.
The solution of I100_S600_C153.txt has the score 78506.
Optimized for 1231 points.
Execution time: 60.00224786304558 minutes.

The initial solution of I100_S600_C153.txt has the score 77275.
The solution of I100_S600_C153.txt has the score 78558.
Optimized for 1283 points.
Execution time: 60.00232968511991 minutes.

The initial solution of I120_S480_C500.txt has the score 568965.
The solution of I120_S480_C500.txt has the score 568965.
Optimized for 0 points.
Execution time: 60.00193476373485 minutes.

The initial solution of I120_S480_C500.txt has the score 568965.
The solution of I120_S480_C500.txt has the score 568965.
Optimized for 0 points.
Execution time: 60.00220065602722 minutes.

The initial solution of I100_S600_C153.txt has the score 77275.
The solution of I100_S600_C153.txt has the score 77903.
Optimized for 628 points.
Execution time: 60.00412520971149 minutes.

The initial solution of I100_S600_C153.txt has the score 77275.
The solution of I100_S600_C153.txt has the score 77816.
Optimized for 541 points.
Execution time: 60.00445958293664 minutes.

The initial solution of I200_S1000_C400.txt has the score 28753.
The solution of I200_S1000_C400.txt has the score 28753.
Optimized for 0 points.
Execution time: 60.00386579919917 minutes.

The initial solution of I200_S1000_C400.txt has the score 28753.
The solution of I200_S1000_C400.txt has the score 28904.
Optimized for 151 points.
Execution time: 60.00398482319433 minutes.

The initial solution of I200_S1000_C400.txt has the score 28753.
The solution of I200_S1000_C400.txt has the score 28937.
Optimized for 184 points.
Execution time: 60.00501114029903 minutes.

The initial solution of I2000_S12000_C57.txt has the score 54511.
The solution of I2000_S12000_C57.txt has the score 54523.
Optimized for 12 points.
Execution time: 60.005566864445186 minutes.

The initial solution of I200_S1000_C400.txt has the score 28753.
The solution of I200_S1000_C400.txt has the score 28753.
Optimized for 0 points.
Execution time: 60.00563066135316 minutes.

The initial solution of I220_S660_C430.txt has the score 153500.
The solution of I220_S660_C430.txt has the score 153500.
Optimized for 0 points.
Execution time: 60.00580432525991 minutes.

The initial solution of I220_S660_C430.txt has the score 153500.
The solution of I220_S660_C430.txt has the score 153500.
Optimized for 0 points.
Execution time: 60.00589484248776 minutes.

The initial solution of I220_S660_C430.txt has the score 153500.
The solution of I220_S660_C430.txt has the score 153500.
Optimized for 0 points.
Execution time: 60.00597779501695 minutes.

The initial solution of I200_S1000_C400.txt has the score 28753.
The solution of I200_S1000_C400.txt has the score 28753.
Optimized for 0 points.
Execution time: 60.006031799929524 minutes.

The initial solution of I300_S1500_C469.txt has the score 591428.
The solution of I300_S1500_C469.txt has the score 591428.
Optimized for 0 points.
Execution time: 60.006352290169644 minutes.

The initial solution of I300_S1500_C469.txt has the score 591428.
The solution of I300_S1500_C469.txt has the score 591428.
Optimized for 0 points.
Execution time: 60.006455745617856 minutes.

The initial solution of I300_S1500_C469.txt has the score 591428.
The solution of I300_S1500_C469.txt has the score 591428.
Optimized for 0 points.
Execution time: 60.00662398742667 minutes.

The initial solution of I300_S1500_C469.txt has the score 591428.
The solution of I300_S1500_C469.txt has the score 591428.
Optimized for 0 points.
Execution time: 60.00654136956049 minutes.

The initial solution of I300_S1500_C469.txt has the score 591428.
The solution of I300_S1500_C469.txt has the score 591428.
Optimized for 0 points.
Execution time: 60.00706013444967 minutes.

The initial solution of I220_S660_C430.txt has the score 153500.
The solution of I220_S660_C430.txt has the score 153500.
Optimized for 0 points.
Execution time: 60.007413725384204 minutes.

The initial solution of I220_S660_C430.txt has the score 153500.
The solution of I220_S660_C430.txt has the score 153500.
Optimized for 0 points.
Execution time: 60.007567268749696 minutes.

The initial solution of I2000_S12000_C57.txt has the score 54511.
The solution of I2000_S12000_C57.txt has the score 54525.
Optimized for 14 points.
Execution time: 60.00914888706369 minutes.

The initial solution of I2000_S12000_C57.txt has the score 54511.
The solution of I2000_S12000_C57.txt has the score 54521.
Optimized for 10 points.
Execution time: 60.00957735827348 minutes.

The initial solution of I2000_S12000_C57.txt has the score 54511.
The solution of I2000_S12000_C57.txt has the score 54515.
Optimized for 4 points.
Execution time: 60.009693878679535 minutes.

The initial solution of I2000_S12000_C57.txt has the score 54511.
The solution of I2000_S12000_C57.txt has the score 54519.
Optimized for 8 points.
Execution time: 60.009710445984574 minutes.

The initial solution of I1662_S10000_C1000.txt has the score 1480489.
The solution of I1662_S10000_C1000.txt has the score 1480489.
Optimized for 0 points.
Execution time: 60.094070441966565 minutes.

The initial solution of I1662_S10000_C1000.txt has the score 1480489.
The solution of I1662_S10000_C1000.txt has the score 1480489.
Optimized for 0 points.
Execution time: 60.10072788739732 minutes.

The initial solution of I1662_S10000_C1000.txt has the score 1480489.
The solution of I1662_S10000_C1000.txt has the score 1480489.
Optimized for 0 points.
Execution time: 60.10527858660401 minutes.

The initial solution of I1662_S10000_C1000.txt has the score 1480489.
The solution of I1662_S10000_C1000.txt has the score 1480489.
Optimized for 0 points.
Execution time: 60.12513935107272 minutes.

The initial solution of I1662_S10000_C1000.txt has the score 1480489.
The solution of I1662_S10000_C1000.txt has the score 1480489.
Optimized for 0 points.
Execution time: 60.12589971648995 minutes.

The initial solution of I10000_S35030_C1000.txt has the score 1314708.
The solution of I10000_S35030_C1000.txt has the score 1314708.
Optimized for 0 points.
Execution time: 60.28156707648498 minutes.

The initial solution of I10000_S35030_C1000.txt has the score 1314708.
The solution of I10000_S35030_C1000.txt has the score 1314708.
Optimized for 0 points.
Execution time: 60.29075754956187 minutes.

The initial solution of I10000_S35030_C1000.txt has the score 1314708.
The solution of I10000_S35030_C1000.txt has the score 1314708.
Optimized for 0 points.
Execution time: 60.490132101733856 minutes.

The initial solution of I10000_S35030_C1000.txt has the score 1314708.
The solution of I10000_S35030_C1000.txt has the score 1314708.
Optimized for 0 points.
Execution time: 60.50207554686349 minutes.

The initial solution of I10000_S35030_C1000.txt has the score 1314708.
The solution of I10000_S35030_C1000.txt has the score 1314708.
Optimized for 0 points.
Execution time: 60.50513477528002 minutes.

Traceback (most recent call last):
  File "/home/uranlajci/kodi/traffic-signaling/ils_ssga.py", line 92, in <module>
    main(args.instance_name, args.variant, args.version)
  File "/home/uranlajci/kodi/traffic-signaling/ils_ssga.py", line 58, in main
    initial_solution = readSolution(
  File "/home/uranlajci/kodi/traffic-signaling/ils_ssga.py", line 21, in readSolution
    with open(solution_file_path) as f:
FileNotFoundError: [Errno 2] No such file or directory: 'seeds/I9000_S36000_C1500.txt.out'
Traceback (most recent call last):
  File "/home/uranlajci/kodi/traffic-signaling/ils_ssga.py", line 92, in <module>
    main(args.instance_name, args.variant, args.version)
  File "/home/uranlajci/kodi/traffic-signaling/ils_ssga.py", line 58, in main
    initial_solution = readSolution(
  File "/home/uranlajci/kodi/traffic-signaling/ils_ssga.py", line 21, in readSolution
    with open(solution_file_path) as f:
FileNotFoundError: [Errno 2] No such file or directory: 'seeds/I9000_S36000_C1500.txt.out'
Traceback (most recent call last):
  File "/home/uranlajci/kodi/traffic-signaling/ils_ssga.py", line 92, in <module>
    main(args.instance_name, args.variant, args.version)
  File "/home/uranlajci/kodi/traffic-signaling/ils_ssga.py", line 58, in main
    initial_solution = readSolution(
  File "/home/uranlajci/kodi/traffic-signaling/ils_ssga.py", line 21, in readSolution
    with open(solution_file_path) as f:
FileNotFoundError: [Errno 2] No such file or directory: 'seeds/I9000_S36000_C1500.txt.out'
Traceback (most recent call last):
  File "/home/uranlajci/kodi/traffic-signaling/ils_ssga.py", line 92, in <module>
    main(args.instance_name, args.variant, args.version)
  File "/home/uranlajci/kodi/traffic-signaling/ils_ssga.py", line 58, in main
    initial_solution = readSolution(
  File "/home/uranlajci/kodi/traffic-signaling/ils_ssga.py", line 21, in readSolution
    with open(solution_file_path) as f:
FileNotFoundError: [Errno 2] No such file or directory: 'seeds/I9000_S36000_C1500.txt.out'
Traceback (most recent call last):
  File "/home/uranlajci/kodi/traffic-signaling/ils_ssga.py", line 92, in <module>
    main(args.instance_name, args.variant, args.version)
  File "/home/uranlajci/kodi/traffic-signaling/ils_ssga.py", line 58, in main
    initial_solution = readSolution(
  File "/home/uranlajci/kodi/traffic-signaling/ils_ssga.py", line 21, in readSolution
    with open(solution_file_path) as f:
FileNotFoundError: [Errno 2] No such file or directory: 'seeds/I9000_S36000_C1500.txt.out'
The initial solution of I80_S240_C300.txt has the score 108251.
The solution of I80_S240_C300.txt has the score 108292.
Optimized for 41 points.
Execution time: 60.000498915750846 minutes.

The initial solution of I80_S240_C300.txt has the score 108251.
The solution of I80_S240_C300.txt has the score 108295.
Optimized for 44 points.
Execution time: 60.000481145161515 minutes.

The initial solution of I80_S240_C300.txt has the score 108251.
The solution of I80_S240_C300.txt has the score 108291.
Optimized for 40 points.
Execution time: 60.000517018030706 minutes.

The initial solution of I80_S240_C300.txt has the score 108251.
The solution of I80_S240_C300.txt has the score 108294.
Optimized for 43 points.
Execution time: 60.00067015331394 minutes.

The initial solution of I80_S240_C300.txt has the score 108251.
The solution of I80_S240_C300.txt has the score 108288.
Optimized for 37 points.
Execution time: 60.0007028510018 minutes.

The initial solution of I99_S399_C400.txt has the score 145873.
The solution of I99_S399_C400.txt has the score 145914.
Optimized for 41 points.
Execution time: 60.00087280286631 minutes.

The initial solution of I99_S399_C400.txt has the score 145873.
The solution of I99_S399_C400.txt has the score 145900.
Optimized for 27 points.
Execution time: 60.00121626560576 minutes.

The initial solution of I99_S399_C400.txt has the score 145873.
The solution of I99_S399_C400.txt has the score 145902.
Optimized for 29 points.
Execution time: 60.00120687163435 minutes.

The initial solution of I99_S399_C400.txt has the score 145873.
The solution of I99_S399_C400.txt has the score 145898.
Optimized for 25 points.
Execution time: 60.00122643345191 minutes.

The initial solution of I99_S399_C400.txt has the score 145873.
The solution of I99_S399_C400.txt has the score 145901.
Optimized for 28 points.
Execution time: 60.00125733340004 minutes.

The initial solution of I80_S480_C600.txt has the score 495475.
The solution of I80_S480_C600.txt has the score 496065.
Optimized for 590 points.
Execution time: 60.002339888984956 minutes.

The initial solution of I80_S480_C600.txt has the score 495475.
The solution of I80_S480_C600.txt has the score 496058.
Optimized for 583 points.
Execution time: 60.002458621064825 minutes.

The initial solution of I80_S480_C600.txt has the score 495475.
The solution of I80_S480_C600.txt has the score 496821.
Optimized for 1346 points.
Execution time: 60.00261482511802 minutes.

The initial solution of I80_S480_C600.txt has the score 495475.
The solution of I80_S480_C600.txt has the score 496549.
Optimized for 1074 points.
Execution time: 60.002815703814846 minutes.

The initial solution of I80_S480_C600.txt has the score 495475.
The solution of I80_S480_C600.txt has the score 496102.
Optimized for 627 points.
Execution time: 60.00398350871789 minutes.

The initial solution of I600_S3000_C332.txt has the score 125624.
The solution of I600_S3000_C332.txt has the score 125624.
Optimized for 0 points.
Execution time: 60.01101389200582 minutes.

The initial solution of I600_S3000_C332.txt has the score 125624.
The solution of I600_S3000_C332.txt has the score 125624.
Optimized for 0 points.
Execution time: 60.012495952898945 minutes.

The initial solution of I600_S3000_C332.txt has the score 125624.
The solution of I600_S3000_C332.txt has the score 125624.
Optimized for 0 points.
Execution time: 60.01252138214962 minutes.

The initial solution of I500_S998_C1000.txt has the score 762253.
The solution of I500_S998_C1000.txt has the score 762253.
Optimized for 0 points.
Execution time: 60.01275378628634 minutes.

The initial solution of I500_S998_C1000.txt has the score 762253.
The solution of I500_S998_C1000.txt has the score 762253.
Optimized for 0 points.
Execution time: 60.01413906728073 minutes.

The initial solution of I500_S998_C1000.txt has the score 762253.
The solution of I500_S998_C1000.txt has the score 762253.
Optimized for 0 points.
Execution time: 60.0148051013394 minutes.

The initial solution of I3333_S13332_C428.txt has the score 103240.
The solution of I3333_S13332_C428.txt has the score 103240.
Optimized for 0 points.
Execution time: 60.01514673893495 minutes.

The initial solution of I500_S998_C1000.txt has the score 762253.
The solution of I500_S998_C1000.txt has the score 762253.
Optimized for 0 points.
Execution time: 60.01486205752008 minutes.

The initial solution of I500_S998_C1000.txt has the score 762253.
The solution of I500_S998_C1000.txt has the score 762253.
Optimized for 0 points.
Execution time: 60.01499952903638 minutes.

The initial solution of I3333_S13332_C428.txt has the score 103240.
The solution of I3333_S13332_C428.txt has the score 103240.
Optimized for 0 points.
Execution time: 60.01536037106998 minutes.

The initial solution of I3333_S13332_C428.txt has the score 103240.
The solution of I3333_S13332_C428.txt has the score 103240.
Optimized for 0 points.
Execution time: 60.01540508884936 minutes.

The initial solution of I600_S3000_C332.txt has the score 125624.
The solution of I600_S3000_C332.txt has the score 125624.
Optimized for 0 points.
Execution time: 60.01560764592917 minutes.

The initial solution of I600_S3000_C332.txt has the score 125624.
The solution of I600_S3000_C332.txt has the score 125624.
Optimized for 0 points.
Execution time: 60.01622022890175 minutes.

The initial solution of I3333_S13332_C428.txt has the score 103240.
The solution of I3333_S13332_C428.txt has the score 103240.
Optimized for 0 points.
Execution time: 60.02155294840534 minutes.

The initial solution of I3333_S13332_C428.txt has the score 103240.
The solution of I3333_S13332_C428.txt has the score 103240.
Optimized for 0 points.
Execution time: 60.026856834301725 minutes.

The initial solution of I4000_S24000_C401.txt has the score 1696188.
The solution of I4000_S24000_C401.txt has the score 1696188.
Optimized for 0 points.
Execution time: 60.07107539411324 minutes.

The initial solution of I4000_S24000_C401.txt has the score 1696188.
The solution of I4000_S24000_C401.txt has the score 1696188.
Optimized for 0 points.
Execution time: 60.07412599828094 minutes.

The initial solution of I4000_S24000_C401.txt has the score 1696188.
The solution of I4000_S24000_C401.txt has the score 1696188.
Optimized for 0 points.
Execution time: 60.07496883971616 minutes.

The initial solution of I4000_S24000_C401.txt has the score 1696188.
The solution of I4000_S24000_C401.txt has the score 1696188.
Optimized for 0 points.
Execution time: 60.075613397507304 minutes.

The initial solution of I7073_S9102_C1000.txt has the score 4570281.
The solution of I7073_S9102_C1000.txt has the score 4570281.
Optimized for 0 points.
Execution time: 60.10378218460052 minutes.

The initial solution of I7073_S9102_C1000.txt has the score 4570281.
The solution of I7073_S9102_C1000.txt has the score 4570281.
Optimized for 0 points.
Execution time: 60.1068832224623 minutes.

The initial solution of I4000_S24000_C401.txt has the score 1696188.
The solution of I4000_S24000_C401.txt has the score 1696188.
Optimized for 0 points.
Execution time: 60.1088790025174 minutes.

The initial solution of I7073_S9102_C1000.txt has the score 4570281.
The solution of I7073_S9102_C1000.txt has the score 4570281.
Optimized for 0 points.
Execution time: 60.14839397079777 minutes.

The initial solution of I7073_S9102_C1000.txt has the score 4570281.
The solution of I7073_S9102_C1000.txt has the score 4570281.
Optimized for 0 points.
Execution time: 60.14988183548363 minutes.

The initial solution of I7073_S9102_C1000.txt has the score 4570281.
The solution of I7073_S9102_C1000.txt has the score 4570281.
Optimized for 0 points.
Execution time: 60.16060112447012 minutes.

The initial solution of I8000_S95928_C1000.txt has the score 2610027.
The solution of I8000_S95928_C1000.txt has the score 2610027.
Optimized for 0 points.
Execution time: 65.74435836811705 minutes.

The initial solution of I8000_S95928_C1000.txt has the score 2610027.
The solution of I8000_S95928_C1000.txt has the score 2610027.
Optimized for 0 points.
Execution time: 65.75289877036121 minutes.

The initial solution of I8000_S95928_C1000.txt has the score 2610027.
The solution of I8000_S95928_C1000.txt has the score 2610027.
Optimized for 0 points.
Execution time: 69.38680106604782 minutes.

The initial solution of I8000_S95928_C1000.txt has the score 2610027.
The solution of I8000_S95928_C1000.txt has the score 2610027.
Optimized for 0 points.
Execution time: 69.55178390903554 minutes.

The initial solution of I8000_S95928_C1000.txt has the score 2610027.
The solution of I8000_S95928_C1000.txt has the score 2610027.
Optimized for 0 points.
Execution time: 69.63009239082069 minutes.

