The usage based heuristic initial solution of I100_S500_C500.txt has the score 449528.
The traffic based heuristic initial solution of I100_S500_C500.txt has the score 449307.
The solution of I100_S500_C500.txt has the score 450280.
Optimized for 752 points.
Execution time: 10.0009357887165 minutes.

The usage based heuristic initial solution of I100_S500_C500.txt has the score 449528.
The traffic based heuristic initial solution of I100_S500_C500.txt has the score 449307.
The solution of I100_S500_C500.txt has the score 450283.
Optimized for 755 points.
Execution time: 10.000970573048107 minutes.

The usage based heuristic initial solution of I100_S500_C500.txt has the score 449528.
The traffic based heuristic initial solution of I100_S500_C500.txt has the score 449307.
The solution of I100_S500_C500.txt has the score 450309.
Optimized for 781 points.
Execution time: 10.000958742744599 minutes.

The usage based heuristic initial solution of I100_S500_C500.txt has the score 449528.
The traffic based heuristic initial solution of I100_S500_C500.txt has the score 449307.
The solution of I100_S500_C500.txt has the score 450294.
Optimized for 766 points.
Execution time: 10.000958664730812 minutes.

The usage based heuristic initial solution of I120_S480_C500.txt has the score 568233.
The traffic based heuristic initial solution of I120_S480_C500.txt has the score 568016.
The solution of I120_S480_C500.txt has the score 568784.
Optimized for 551 points.
Execution time: 10.001088032949095 minutes.

The usage based heuristic initial solution of I120_S480_C500.txt has the score 568233.
The traffic based heuristic initial solution of I120_S480_C500.txt has the score 568016.
The solution of I120_S480_C500.txt has the score 568778.
Optimized for 545 points.
Execution time: 10.001102067778508 minutes.

The usage based heuristic initial solution of I120_S480_C500.txt has the score 568233.
The traffic based heuristic initial solution of I120_S480_C500.txt has the score 568016.
The solution of I120_S480_C500.txt has the score 568828.
Optimized for 595 points.
Execution time: 10.001210672485952 minutes.

The usage based heuristic initial solution of I120_S480_C500.txt has the score 568233.
The traffic based heuristic initial solution of I120_S480_C500.txt has the score 568016.
The solution of I120_S480_C500.txt has the score 568783.
Optimized for 550 points.
Execution time: 10.001199576677754 minutes.

The usage based heuristic initial solution of I100_S500_C500.txt has the score 449528.
The traffic based heuristic initial solution of I100_S500_C500.txt has the score 449307.
The solution of I100_S500_C500.txt has the score 450244.
Optimized for 716 points.
Execution time: 10.001796597552795 minutes.

The usage based heuristic initial solution of I100_S600_C153.txt has the score 60813.
The traffic based heuristic initial solution of I100_S600_C153.txt has the score 63836.
The solution of I100_S600_C153.txt has the score 73979.
Optimized for 10143 points.
Execution time: 10.002394661889412 minutes.

The usage based heuristic initial solution of I100_S600_C153.txt has the score 60813.
The traffic based heuristic initial solution of I100_S600_C153.txt has the score 63845.
The solution of I100_S600_C153.txt has the score 71879.
Optimized for 8034 points.
Execution time: 10.00252342900106 minutes.

The usage based heuristic initial solution of I120_S480_C500.txt has the score 568233.
The traffic based heuristic initial solution of I120_S480_C500.txt has the score 568016.
The solution of I120_S480_C500.txt has the score 568794.
Optimized for 561 points.
Execution time: 10.002127297936628 minutes.

The usage based heuristic initial solution of I100_S600_C153.txt has the score 60813.
The traffic based heuristic initial solution of I100_S600_C153.txt has the score 63811.
The solution of I100_S600_C153.txt has the score 72545.
Optimized for 8734 points.
Execution time: 10.002755820052698 minutes.

The usage based heuristic initial solution of I100_S600_C153.txt has the score 60813.
The traffic based heuristic initial solution of I100_S600_C153.txt has the score 63841.
The solution of I100_S600_C153.txt has the score 71813.
Optimized for 7972 points.
Execution time: 10.002699762567257 minutes.

The usage based heuristic initial solution of I100_S600_C153.txt has the score 60813.
The traffic based heuristic initial solution of I100_S600_C153.txt has the score 64520.
The solution of I100_S600_C153.txt has the score 71146.
Optimized for 6626 points.
Execution time: 10.00279194986603 minutes.

The usage based heuristic initial solution of I2000_S12000_C57.txt has the score 53447.
The traffic based heuristic initial solution of I2000_S12000_C57.txt has the score 53448.
The solution of I2000_S12000_C57.txt has the score 54503.
Optimized for 1055 points.
Execution time: 10.003614478434125 minutes.

The usage based heuristic initial solution of I2000_S12000_C57.txt has the score 53447.
The traffic based heuristic initial solution of I2000_S12000_C57.txt has the score 53448.
The solution of I2000_S12000_C57.txt has the score 54504.
Optimized for 1056 points.
Execution time: 10.00518819311789 minutes.

The usage based heuristic initial solution of I2000_S12000_C57.txt has the score 53447.
The traffic based heuristic initial solution of I2000_S12000_C57.txt has the score 53448.
The solution of I2000_S12000_C57.txt has the score 54505.
Optimized for 1057 points.
Execution time: 10.005360542035971 minutes.

The usage based heuristic initial solution of I2000_S12000_C57.txt has the score 53447.
The traffic based heuristic initial solution of I2000_S12000_C57.txt has the score 53448.
The solution of I2000_S12000_C57.txt has the score 54502.
Optimized for 1054 points.
Execution time: 10.005408703264159 minutes.

The usage based heuristic initial solution of I2000_S12000_C57.txt has the score 53447.
The traffic based heuristic initial solution of I2000_S12000_C57.txt has the score 53448.
The solution of I2000_S12000_C57.txt has the score 54498.
Optimized for 1050 points.
Execution time: 10.00541104679772 minutes.

The usage based heuristic initial solution of I200_S1000_C400.txt has the score 13238.
The traffic based heuristic initial solution of I200_S1000_C400.txt has the score 15153.
The solution of I200_S1000_C400.txt has the score 20359.
Optimized for 5206 points.
Execution time: 10.00669803013249 minutes.

The usage based heuristic initial solution of I200_S1000_C400.txt has the score 13238.
The traffic based heuristic initial solution of I200_S1000_C400.txt has the score 14634.
The solution of I200_S1000_C400.txt has the score 21143.
Optimized for 6509 points.
Execution time: 10.006838294731763 minutes.

The usage based heuristic initial solution of I200_S1000_C400.txt has the score 13238.
The traffic based heuristic initial solution of I200_S1000_C400.txt has the score 14637.
The solution of I200_S1000_C400.txt has the score 20074.
Optimized for 5437 points.
Execution time: 10.006831817065056 minutes.

The usage based heuristic initial solution of I200_S1000_C400.txt has the score 13238.
The traffic based heuristic initial solution of I200_S1000_C400.txt has the score 14168.
The solution of I200_S1000_C400.txt has the score 19570.
Optimized for 5402 points.
Execution time: 10.00692624632114 minutes.

The usage based heuristic initial solution of I200_S1000_C400.txt has the score 13238.
The traffic based heuristic initial solution of I200_S1000_C400.txt has the score 15135.
The solution of I200_S1000_C400.txt has the score 20037.
Optimized for 4902 points.
Execution time: 10.007067941788895 minutes.

The usage based heuristic initial solution of I12000_S36000_C2000.txt has the score 2784978.
The traffic based heuristic initial solution of I12000_S36000_C2000.txt has the score 2784956.
The solution of I12000_S36000_C2000.txt has the score 2785139.
Optimized for 161 points.
Execution time: 10.019497789698653 minutes.

The usage based heuristic initial solution of I12000_S36000_C2000.txt has the score 2784978.
The traffic based heuristic initial solution of I12000_S36000_C2000.txt has the score 2784956.
The solution of I12000_S36000_C2000.txt has the score 2785144.
Optimized for 166 points.
Execution time: 10.020183378721898 minutes.

The usage based heuristic initial solution of I12000_S36000_C2000.txt has the score 2784978.
The traffic based heuristic initial solution of I12000_S36000_C2000.txt has the score 2784956.
The solution of I12000_S36000_C2000.txt has the score 2785150.
Optimized for 172 points.
Execution time: 10.020636822966237 minutes.

The usage based heuristic initial solution of I12000_S36000_C2000.txt has the score 2784978.
The traffic based heuristic initial solution of I12000_S36000_C2000.txt has the score 2784956.
The solution of I12000_S36000_C2000.txt has the score 2785137.
Optimized for 159 points.
Execution time: 10.020874223935728 minutes.

The usage based heuristic initial solution of I12000_S36000_C2000.txt has the score 2784978.
The traffic based heuristic initial solution of I12000_S36000_C2000.txt has the score 2784956.
The solution of I12000_S36000_C2000.txt has the score 2785131.
Optimized for 153 points.
Execution time: 10.020844853312399 minutes.

The usage based heuristic initial solution of I10000_S35030_C1000.txt has the score 1290788.
The traffic based heuristic initial solution of I10000_S35030_C1000.txt has the score 1298723.
The solution of I10000_S35030_C1000.txt has the score 1301288.
Optimized for 2565 points.
Execution time: 10.063444809964858 minutes.

The usage based heuristic initial solution of I10000_S35030_C1000.txt has the score 1290788.
The traffic based heuristic initial solution of I10000_S35030_C1000.txt has the score 1298720.
The solution of I10000_S35030_C1000.txt has the score 1301949.
Optimized for 3229 points.
Execution time: 10.064030613587239 minutes.

The usage based heuristic initial solution of I1662_S10000_C1000.txt has the score 1293347.
The traffic based heuristic initial solution of I1662_S10000_C1000.txt has the score 781945.
The solution of I1662_S10000_C1000.txt has the score 1305207.
Optimized for 11860 points.
Execution time: 10.064621126861311 minutes.

The usage based heuristic initial solution of I1662_S10000_C1000.txt has the score 1293347.
The traffic based heuristic initial solution of I1662_S10000_C1000.txt has the score 766275.
The solution of I1662_S10000_C1000.txt has the score 1303399.
Optimized for 10052 points.
Execution time: 10.064591009782937 minutes.

The usage based heuristic initial solution of I10000_S35030_C1000.txt has the score 1290788.
The traffic based heuristic initial solution of I10000_S35030_C1000.txt has the score 1298720.
The solution of I10000_S35030_C1000.txt has the score 1301346.
Optimized for 2626 points.
Execution time: 10.067693209531717 minutes.

The usage based heuristic initial solution of I1662_S10000_C1000.txt has the score 1293347.
The traffic based heuristic initial solution of I1662_S10000_C1000.txt has the score 762180.
The solution of I1662_S10000_C1000.txt has the score 1303810.
Optimized for 10463 points.
Execution time: 10.081254492568162 minutes.

The usage based heuristic initial solution of I1662_S10000_C1000.txt has the score 1293347.
The traffic based heuristic initial solution of I1662_S10000_C1000.txt has the score 780563.
The solution of I1662_S10000_C1000.txt has the score 1302437.
Optimized for 9090 points.
Execution time: 10.082619668294987 minutes.

The usage based heuristic initial solution of I1662_S10000_C1000.txt has the score 1293347.
The traffic based heuristic initial solution of I1662_S10000_C1000.txt has the score 761120.
The solution of I1662_S10000_C1000.txt has the score 1300494.
Optimized for 7147 points.
Execution time: 10.084272470364036 minutes.

The usage based heuristic initial solution of I10000_S35030_C1000.txt has the score 1290788.
The traffic based heuristic initial solution of I10000_S35030_C1000.txt has the score 1298723.
The solution of I10000_S35030_C1000.txt has the score 1301303.
Optimized for 2580 points.
Execution time: 10.086271890516704 minutes.

The usage based heuristic initial solution of I10000_S35030_C1000.txt has the score 1290788.
The traffic based heuristic initial solution of I10000_S35030_C1000.txt has the score 1298720.
The solution of I10000_S35030_C1000.txt has the score 1300985.
Optimized for 2265 points.
Execution time: 10.087859724850084 minutes.

The usage based heuristic initial solution of I300_S1500_C469.txt has the score 589462.
The traffic based heuristic initial solution of I300_S1500_C469.txt has the score 589379.
The solution of I300_S1500_C469.txt has the score 590198.
Optimized for 736 points.
Execution time: 10.00482704755074 minutes.

The usage based heuristic initial solution of I300_S1500_C469.txt has the score 589462.
The traffic based heuristic initial solution of I300_S1500_C469.txt has the score 589379.
The solution of I300_S1500_C469.txt has the score 590274.
Optimized for 812 points.
Execution time: 10.004920493531973 minutes.

The usage based heuristic initial solution of I300_S1500_C469.txt has the score 589462.
The traffic based heuristic initial solution of I300_S1500_C469.txt has the score 589379.
The solution of I300_S1500_C469.txt has the score 590241.
Optimized for 779 points.
Execution time: 10.005174221765872 minutes.

The usage based heuristic initial solution of I300_S1500_C469.txt has the score 589462.
The traffic based heuristic initial solution of I300_S1500_C469.txt has the score 589379.
The solution of I300_S1500_C469.txt has the score 590215.
Optimized for 753 points.
Execution time: 10.005306670054173 minutes.

The usage based heuristic initial solution of I300_S1500_C469.txt has the score 589462.
The traffic based heuristic initial solution of I300_S1500_C469.txt has the score 589379.
The solution of I300_S1500_C469.txt has the score 590301.
Optimized for 839 points.
Execution time: 10.005371414870023 minutes.

The usage based heuristic initial solution of I220_S660_C430.txt has the score 70189.
The traffic based heuristic initial solution of I220_S660_C430.txt has the score 111343.
The solution of I220_S660_C430.txt has the score 137522.
Optimized for 26179 points.
Execution time: 10.005744717417596 minutes.

The usage based heuristic initial solution of I220_S660_C430.txt has the score 70189.
The traffic based heuristic initial solution of I220_S660_C430.txt has the score 109294.
The solution of I220_S660_C430.txt has the score 139595.
Optimized for 30301 points.
Execution time: 10.005762813193723 minutes.

The usage based heuristic initial solution of I220_S660_C430.txt has the score 70189.
The traffic based heuristic initial solution of I220_S660_C430.txt has the score 109948.
The solution of I220_S660_C430.txt has the score 136816.
Optimized for 26868 points.
Execution time: 10.005830450961366 minutes.

The usage based heuristic initial solution of I220_S660_C430.txt has the score 70189.
The traffic based heuristic initial solution of I220_S660_C430.txt has the score 108548.
The solution of I220_S660_C430.txt has the score 135416.
Optimized for 26868 points.
Execution time: 10.006066652627972 minutes.

The usage based heuristic initial solution of I220_S660_C430.txt has the score 70189.
The traffic based heuristic initial solution of I220_S660_C430.txt has the score 109278.
The solution of I220_S660_C430.txt has the score 135432.
Optimized for 26154 points.
Execution time: 10.006218290065105 minutes.

The usage based heuristic initial solution of I3333_S13332_C428.txt has the score 102998.
The traffic based heuristic initial solution of I3333_S13332_C428.txt has the score 103000.
The solution of I3333_S13332_C428.txt has the score 103154.
Optimized for 154 points.
Execution time: 10.00599669426835 minutes.

The usage based heuristic initial solution of I3333_S13332_C428.txt has the score 102998.
The traffic based heuristic initial solution of I3333_S13332_C428.txt has the score 103000.
The solution of I3333_S13332_C428.txt has the score 103152.
Optimized for 152 points.
Execution time: 10.006158294769314 minutes.

The usage based heuristic initial solution of I3333_S13332_C428.txt has the score 102998.
The traffic based heuristic initial solution of I3333_S13332_C428.txt has the score 103000.
The solution of I3333_S13332_C428.txt has the score 103161.
Optimized for 161 points.
Execution time: 10.006195857794955 minutes.

The usage based heuristic initial solution of I3333_S13332_C428.txt has the score 102998.
The traffic based heuristic initial solution of I3333_S13332_C428.txt has the score 103000.
The solution of I3333_S13332_C428.txt has the score 103155.
Optimized for 155 points.
Execution time: 10.006326312983099 minutes.

The usage based heuristic initial solution of I3333_S13332_C428.txt has the score 102998.
The traffic based heuristic initial solution of I3333_S13332_C428.txt has the score 103000.
The solution of I3333_S13332_C428.txt has the score 103146.
Optimized for 146 points.
Execution time: 10.009007337371198 minutes.

The usage based heuristic initial solution of I600_S3000_C332.txt has the score 119295.
The traffic based heuristic initial solution of I600_S3000_C332.txt has the score 118698.
The solution of I600_S3000_C332.txt has the score 122832.
Optimized for 3537 points.
Execution time: 10.011138038065594 minutes.

The usage based heuristic initial solution of I600_S3000_C332.txt has the score 119295.
The traffic based heuristic initial solution of I600_S3000_C332.txt has the score 118698.
The solution of I600_S3000_C332.txt has the score 122645.
Optimized for 3350 points.
Execution time: 10.011189378635027 minutes.

The usage based heuristic initial solution of I600_S3000_C332.txt has the score 119295.
The traffic based heuristic initial solution of I600_S3000_C332.txt has the score 118698.
The solution of I600_S3000_C332.txt has the score 122342.
Optimized for 3047 points.
Execution time: 10.01126393075101 minutes.

The usage based heuristic initial solution of I600_S3000_C332.txt has the score 119295.
The traffic based heuristic initial solution of I600_S3000_C332.txt has the score 118698.
The solution of I600_S3000_C332.txt has the score 123736.
Optimized for 4441 points.
Execution time: 10.01148804562011 minutes.

The usage based heuristic initial solution of I500_S998_C1000.txt has the score 714916.
The traffic based heuristic initial solution of I500_S998_C1000.txt has the score 659012.
The solution of I500_S998_C1000.txt has the score 741469.
Optimized for 26553 points.
Execution time: 10.012653371629616 minutes.

The usage based heuristic initial solution of I500_S998_C1000.txt has the score 714916.
The traffic based heuristic initial solution of I500_S998_C1000.txt has the score 665389.
The solution of I500_S998_C1000.txt has the score 743872.
Optimized for 28956 points.
Execution time: 10.014048563999435 minutes.

The usage based heuristic initial solution of I600_S3000_C332.txt has the score 119295.
The traffic based heuristic initial solution of I600_S3000_C332.txt has the score 118698.
The solution of I600_S3000_C332.txt has the score 122372.
Optimized for 3077 points.
Execution time: 10.015293062129057 minutes.

The usage based heuristic initial solution of I500_S998_C1000.txt has the score 714916.
The traffic based heuristic initial solution of I500_S998_C1000.txt has the score 661282.
The solution of I500_S998_C1000.txt has the score 740526.
Optimized for 25610 points.
Execution time: 10.016188601831285 minutes.

The usage based heuristic initial solution of I500_S998_C1000.txt has the score 714916.
The traffic based heuristic initial solution of I500_S998_C1000.txt has the score 661378.
The solution of I500_S998_C1000.txt has the score 740700.
Optimized for 25784 points.
Execution time: 10.01706224194883 minutes.

The usage based heuristic initial solution of I500_S998_C1000.txt has the score 714916.
The traffic based heuristic initial solution of I500_S998_C1000.txt has the score 659979.
The solution of I500_S998_C1000.txt has the score 737657.
Optimized for 22741 points.
Execution time: 10.017636670203258 minutes.

The usage based heuristic initial solution of I4000_S24000_C401.txt has the score 1695694.
The traffic based heuristic initial solution of I4000_S24000_C401.txt has the score 1695700.
The solution of I4000_S24000_C401.txt has the score 1695867.
Optimized for 167 points.
Execution time: 10.05427604642852 minutes.

The usage based heuristic initial solution of I4000_S24000_C401.txt has the score 1695694.
The traffic based heuristic initial solution of I4000_S24000_C401.txt has the score 1695700.
The solution of I4000_S24000_C401.txt has the score 1695869.
Optimized for 169 points.
Execution time: 10.056174819567241 minutes.

The usage based heuristic initial solution of I4000_S24000_C401.txt has the score 1695694.
The traffic based heuristic initial solution of I4000_S24000_C401.txt has the score 1695700.
The solution of I4000_S24000_C401.txt has the score 1695863.
Optimized for 163 points.
Execution time: 10.057965556369163 minutes.

The usage based heuristic initial solution of I4000_S24000_C401.txt has the score 1695694.
The traffic based heuristic initial solution of I4000_S24000_C401.txt has the score 1695700.
The solution of I4000_S24000_C401.txt has the score 1695838.
Optimized for 138 points.
Execution time: 10.076192865186991 minutes.

The usage based heuristic initial solution of I4000_S24000_C401.txt has the score 1695694.
The traffic based heuristic initial solution of I4000_S24000_C401.txt has the score 1695700.
The solution of I4000_S24000_C401.txt has the score 1695846.
Optimized for 146 points.
Execution time: 10.078004729150173 minutes.

The usage based heuristic initial solution of I7073_S9102_C1000.txt has the score 4566384.
The traffic based heuristic initial solution of I7073_S9102_C1000.txt has the score 4566384.
The solution of I7073_S9102_C1000.txt has the score 4566958.
Optimized for 574 points.
Execution time: 10.085646280397972 minutes.

The usage based heuristic initial solution of I7073_S9102_C1000.txt has the score 4566384.
The traffic based heuristic initial solution of I7073_S9102_C1000.txt has the score 4566384.
The solution of I7073_S9102_C1000.txt has the score 4566771.
Optimized for 387 points.
Execution time: 10.105727495152193 minutes.

The usage based heuristic initial solution of I7073_S9102_C1000.txt has the score 4566384.
The traffic based heuristic initial solution of I7073_S9102_C1000.txt has the score 4566384.
The solution of I7073_S9102_C1000.txt has the score 4566759.
Optimized for 375 points.
Execution time: 10.108660124933037 minutes.

The usage based heuristic initial solution of I7073_S9102_C1000.txt has the score 4566384.
The traffic based heuristic initial solution of I7073_S9102_C1000.txt has the score 4566384.
The solution of I7073_S9102_C1000.txt has the score 4566804.
Optimized for 420 points.
Execution time: 10.108942210464738 minutes.

The usage based heuristic initial solution of I7073_S9102_C1000.txt has the score 4566384.
The traffic based heuristic initial solution of I7073_S9102_C1000.txt has the score 4566384.
The solution of I7073_S9102_C1000.txt has the score 4566732.
Optimized for 348 points.
Execution time: 10.110863119356024 minutes.

The usage based heuristic initial solution of I8000_S95928_C1000.txt has the score 1139761.
The traffic based heuristic initial solution of I8000_S95928_C1000.txt has the score 1557366.
The solution of I8000_S95928_C1000.txt has the score 1576034.
Optimized for 18668 points.
Execution time: 10.667486798134632 minutes.

The usage based heuristic initial solution of I8000_S95928_C1000.txt has the score 1139761.
The traffic based heuristic initial solution of I8000_S95928_C1000.txt has the score 1552786.
The solution of I8000_S95928_C1000.txt has the score 1564988.
Optimized for 12202 points.
Execution time: 10.684046645338336 minutes.

The usage based heuristic initial solution of I8000_S95928_C1000.txt has the score 1139761.
The traffic based heuristic initial solution of I8000_S95928_C1000.txt has the score 1553741.
The solution of I8000_S95928_C1000.txt has the score 1577671.
Optimized for 23930 points.
Execution time: 10.69982417554905 minutes.

The usage based heuristic initial solution of I8000_S95928_C1000.txt has the score 1139761.
The traffic based heuristic initial solution of I8000_S95928_C1000.txt has the score 1559283.
The solution of I8000_S95928_C1000.txt has the score 1589364.
Optimized for 30081 points.
Execution time: 10.705066061664063 minutes.

The usage based heuristic initial solution of I8000_S95928_C1000.txt has the score 1139761.
The traffic based heuristic initial solution of I8000_S95928_C1000.txt has the score 1550413.
The solution of I8000_S95928_C1000.txt has the score 1567686.
Optimized for 17273 points.
Execution time: 10.705290198566702 minutes.

The usage based heuristic initial solution of I80_S240_C300.txt has the score 108015.
The traffic based heuristic initial solution of I80_S240_C300.txt has the score 107931.
The solution of I80_S240_C300.txt has the score 108282.
Optimized for 267 points.
Execution time: 10.000358163177346 minutes.

The usage based heuristic initial solution of I80_S240_C300.txt has the score 108015.
The traffic based heuristic initial solution of I80_S240_C300.txt has the score 107931.
The solution of I80_S240_C300.txt has the score 108272.
Optimized for 257 points.
Execution time: 10.000346639193594 minutes.

The usage based heuristic initial solution of I80_S240_C300.txt has the score 108015.
The traffic based heuristic initial solution of I80_S240_C300.txt has the score 107931.
The solution of I80_S240_C300.txt has the score 108283.
Optimized for 268 points.
Execution time: 10.00035654352978 minutes.

The usage based heuristic initial solution of I80_S240_C300.txt has the score 108015.
The traffic based heuristic initial solution of I80_S240_C300.txt has the score 107931.
The solution of I80_S240_C300.txt has the score 108265.
Optimized for 250 points.
Execution time: 10.000344680203124 minutes.

The usage based heuristic initial solution of I80_S240_C300.txt has the score 108015.
The traffic based heuristic initial solution of I80_S240_C300.txt has the score 107931.
The solution of I80_S240_C300.txt has the score 108256.
Optimized for 241 points.
Execution time: 10.000337616400794 minutes.

The usage based heuristic initial solution of I99_S399_C400.txt has the score 145461.
The traffic based heuristic initial solution of I99_S399_C400.txt has the score 145268.
The solution of I99_S399_C400.txt has the score 145823.
Optimized for 362 points.
Execution time: 10.000353327781584 minutes.

The usage based heuristic initial solution of I99_S399_C400.txt has the score 145461.
The traffic based heuristic initial solution of I99_S399_C400.txt has the score 145268.
The solution of I99_S399_C400.txt has the score 145849.
Optimized for 388 points.
Execution time: 10.000549636098246 minutes.

The usage based heuristic initial solution of I99_S399_C400.txt has the score 145461.
The traffic based heuristic initial solution of I99_S399_C400.txt has the score 145268.
The solution of I99_S399_C400.txt has the score 145841.
Optimized for 380 points.
Execution time: 10.00057747931375 minutes.

The usage based heuristic initial solution of I99_S399_C400.txt has the score 145461.
The traffic based heuristic initial solution of I99_S399_C400.txt has the score 145268.
The solution of I99_S399_C400.txt has the score 145850.
Optimized for 389 points.
Execution time: 10.000567118482044 minutes.

The usage based heuristic initial solution of I99_S399_C400.txt has the score 145461.
The traffic based heuristic initial solution of I99_S399_C400.txt has the score 145268.
The solution of I99_S399_C400.txt has the score 145852.
Optimized for 391 points.
Execution time: 10.000583651366954 minutes.

The usage based heuristic initial solution of I80_S480_C600.txt has the score 420277.
The traffic based heuristic initial solution of I80_S480_C600.txt has the score 444060.
The solution of I80_S480_C600.txt has the score 480349.
Optimized for 36289 points.
Execution time: 10.00170452176438 minutes.

The usage based heuristic initial solution of I80_S480_C600.txt has the score 420277.
The traffic based heuristic initial solution of I80_S480_C600.txt has the score 443237.
The solution of I80_S480_C600.txt has the score 483041.
Optimized for 39804 points.
Execution time: 10.001726196403615 minutes.

The usage based heuristic initial solution of I80_S480_C600.txt has the score 420277.
The traffic based heuristic initial solution of I80_S480_C600.txt has the score 444757.
The solution of I80_S480_C600.txt has the score 477087.
Optimized for 32330 points.
Execution time: 10.001708673972947 minutes.

The usage based heuristic initial solution of I80_S480_C600.txt has the score 420277.
The traffic based heuristic initial solution of I80_S480_C600.txt has the score 440749.
The solution of I80_S480_C600.txt has the score 487365.
Optimized for 46616 points.
Execution time: 10.001843091845512 minutes.

The usage based heuristic initial solution of I80_S480_C600.txt has the score 420277.
The traffic based heuristic initial solution of I80_S480_C600.txt has the score 437548.
The solution of I80_S480_C600.txt has the score 482304.
Optimized for 44756 points.
Execution time: 10.001900455386687 minutes.

The usage based heuristic initial solution of I9000_S36000_C1500.txt has the score 1128412.
The traffic based heuristic initial solution of I9000_S36000_C1500.txt has the score 1128385.
The solution of I9000_S36000_C1500.txt has the score 1128596.
Optimized for 184 points.
Execution time: 10.014105558698066 minutes.

The usage based heuristic initial solution of I9000_S36000_C1500.txt has the score 1128412.
The traffic based heuristic initial solution of I9000_S36000_C1500.txt has the score 1128385.
The solution of I9000_S36000_C1500.txt has the score 1128621.
Optimized for 209 points.
Execution time: 10.01433633887985 minutes.

The usage based heuristic initial solution of I9000_S36000_C1500.txt has the score 1128412.
The traffic based heuristic initial solution of I9000_S36000_C1500.txt has the score 1128385.
The solution of I9000_S36000_C1500.txt has the score 1128597.
Optimized for 185 points.
Execution time: 10.014346352064361 minutes.

The usage based heuristic initial solution of I9000_S36000_C1500.txt has the score 1128412.
The traffic based heuristic initial solution of I9000_S36000_C1500.txt has the score 1128385.
The solution of I9000_S36000_C1500.txt has the score 1128587.
Optimized for 175 points.
Execution time: 10.014336962889258 minutes.

The usage based heuristic initial solution of I9000_S36000_C1500.txt has the score 1128412.
The traffic based heuristic initial solution of I9000_S36000_C1500.txt has the score 1128385.
The solution of I9000_S36000_C1500.txt has the score 1128596.
Optimized for 184 points.
Execution time: 10.014760558051057 minutes.

