The usage based heuristic initial solution of I100_S500_C500.txt has the score 449528.
The traffic based heuristic initial solution of I100_S500_C500.txt has the score 449307.
The solution of I100_S500_C500.txt has the score 450374.
Optimized for 846 points.
Execution time: 30.001007355431405 minutes.

The usage based heuristic initial solution of I120_S480_C500.txt has the score 568233.
The traffic based heuristic initial solution of I120_S480_C500.txt has the score 568016.
The solution of I120_S480_C500.txt has the score 568863.
Optimized for 630 points.
Execution time: 30.00111764911562 minutes.

The usage based heuristic initial solution of I100_S500_C500.txt has the score 449528.
The traffic based heuristic initial solution of I100_S500_C500.txt has the score 449307.
The solution of I100_S500_C500.txt has the score 450337.
Optimized for 809 points.
Execution time: 30.001513440681933 minutes.

The usage based heuristic initial solution of I100_S500_C500.txt has the score 449528.
The traffic based heuristic initial solution of I100_S500_C500.txt has the score 449307.
The solution of I100_S500_C500.txt has the score 450297.
Optimized for 769 points.
Execution time: 30.00157696544969 minutes.

The usage based heuristic initial solution of I100_S500_C500.txt has the score 449528.
The traffic based heuristic initial solution of I100_S500_C500.txt has the score 449307.
The solution of I100_S500_C500.txt has the score 450290.
Optimized for 762 points.
Execution time: 30.001805508695544 minutes.

The usage based heuristic initial solution of I100_S500_C500.txt has the score 449528.
The traffic based heuristic initial solution of I100_S500_C500.txt has the score 449307.
The solution of I100_S500_C500.txt has the score 450304.
Optimized for 776 points.
Execution time: 30.00181644386612 minutes.

The usage based heuristic initial solution of I120_S480_C500.txt has the score 568233.
The traffic based heuristic initial solution of I120_S480_C500.txt has the score 568016.
The solution of I120_S480_C500.txt has the score 568831.
Optimized for 598 points.
Execution time: 30.00178991698194 minutes.

The usage based heuristic initial solution of I100_S600_C153.txt has the score 60813.
The traffic based heuristic initial solution of I100_S600_C153.txt has the score 63823.
The solution of I100_S600_C153.txt has the score 73947.
Optimized for 10124 points.
Execution time: 30.002501162234694 minutes.

The usage based heuristic initial solution of I100_S600_C153.txt has the score 60813.
The traffic based heuristic initial solution of I100_S600_C153.txt has the score 64563.
The solution of I100_S600_C153.txt has the score 73934.
Optimized for 9371 points.
Execution time: 30.00254962622033 minutes.

The usage based heuristic initial solution of I100_S600_C153.txt has the score 60813.
The traffic based heuristic initial solution of I100_S600_C153.txt has the score 63854.
The solution of I100_S600_C153.txt has the score 72531.
Optimized for 8677 points.
Execution time: 30.002648080334378 minutes.

The usage based heuristic initial solution of I120_S480_C500.txt has the score 568233.
The traffic based heuristic initial solution of I120_S480_C500.txt has the score 568016.
The solution of I120_S480_C500.txt has the score 568834.
Optimized for 601 points.
Execution time: 30.00223938788598 minutes.

The usage based heuristic initial solution of I120_S480_C500.txt has the score 568233.
The traffic based heuristic initial solution of I120_S480_C500.txt has the score 568016.
The solution of I120_S480_C500.txt has the score 568811.
Optimized for 578 points.
Execution time: 30.00215538808455 minutes.

The usage based heuristic initial solution of I100_S600_C153.txt has the score 60813.
The traffic based heuristic initial solution of I100_S600_C153.txt has the score 63141.
The solution of I100_S600_C153.txt has the score 73912.
Optimized for 10771 points.
Execution time: 30.002770685063055 minutes.

The usage based heuristic initial solution of I120_S480_C500.txt has the score 568233.
The traffic based heuristic initial solution of I120_S480_C500.txt has the score 568016.
The solution of I120_S480_C500.txt has the score 568801.
Optimized for 568 points.
Execution time: 30.002484836250854 minutes.

The usage based heuristic initial solution of I2000_S12000_C57.txt has the score 53447.
The traffic based heuristic initial solution of I2000_S12000_C57.txt has the score 53448.
The solution of I2000_S12000_C57.txt has the score 54509.
Optimized for 1061 points.
Execution time: 30.004160291686034 minutes.

The usage based heuristic initial solution of I100_S600_C153.txt has the score 60813.
The traffic based heuristic initial solution of I100_S600_C153.txt has the score 63819.
The solution of I100_S600_C153.txt has the score 72527.
Optimized for 8708 points.
Execution time: 30.004925440601074 minutes.

The usage based heuristic initial solution of I200_S1000_C400.txt has the score 13238.
The traffic based heuristic initial solution of I200_S1000_C400.txt has the score 15152.
The solution of I200_S1000_C400.txt has the score 21834.
Optimized for 6682 points.
Execution time: 30.00539508620277 minutes.

The usage based heuristic initial solution of I2000_S12000_C57.txt has the score 53447.
The traffic based heuristic initial solution of I2000_S12000_C57.txt has the score 53448.
The solution of I2000_S12000_C57.txt has the score 54513.
Optimized for 1065 points.
Execution time: 30.00535000010083 minutes.

The usage based heuristic initial solution of I2000_S12000_C57.txt has the score 53447.
The traffic based heuristic initial solution of I2000_S12000_C57.txt has the score 53448.
The solution of I2000_S12000_C57.txt has the score 54511.
Optimized for 1063 points.
Execution time: 30.00530252709674 minutes.

The usage based heuristic initial solution of I2000_S12000_C57.txt has the score 53447.
The traffic based heuristic initial solution of I2000_S12000_C57.txt has the score 53448.
The solution of I2000_S12000_C57.txt has the score 54510.
Optimized for 1062 points.
Execution time: 30.00641261176982 minutes.

The usage based heuristic initial solution of I300_S1500_C469.txt has the score 589462.
The traffic based heuristic initial solution of I300_S1500_C469.txt has the score 589379.
The solution of I300_S1500_C469.txt has the score 590046.
Optimized for 584 points.
Execution time: 30.00636259361636 minutes.

The usage based heuristic initial solution of I300_S1500_C469.txt has the score 589462.
The traffic based heuristic initial solution of I300_S1500_C469.txt has the score 589379.
The solution of I300_S1500_C469.txt has the score 590187.
Optimized for 725 points.
Execution time: 30.006874939387973 minutes.

The usage based heuristic initial solution of I2000_S12000_C57.txt has the score 53447.
The traffic based heuristic initial solution of I2000_S12000_C57.txt has the score 53448.
The solution of I2000_S12000_C57.txt has the score 54514.
Optimized for 1066 points.
Execution time: 30.00717802500197 minutes.

The usage based heuristic initial solution of I300_S1500_C469.txt has the score 589462.
The traffic based heuristic initial solution of I300_S1500_C469.txt has the score 589379.
The solution of I300_S1500_C469.txt has the score 590126.
Optimized for 664 points.
Execution time: 30.00697672221189 minutes.

The usage based heuristic initial solution of I300_S1500_C469.txt has the score 589462.
The traffic based heuristic initial solution of I300_S1500_C469.txt has the score 589379.
The solution of I300_S1500_C469.txt has the score 590151.
Optimized for 689 points.
Execution time: 30.00702255369009 minutes.

The usage based heuristic initial solution of I220_S660_C430.txt has the score 70189.
The traffic based heuristic initial solution of I220_S660_C430.txt has the score 109316.
The solution of I220_S660_C430.txt has the score 138110.
Optimized for 28794 points.
Execution time: 30.0072277187525 minutes.

The usage based heuristic initial solution of I220_S660_C430.txt has the score 70189.
The traffic based heuristic initial solution of I220_S660_C430.txt has the score 107860.
The solution of I220_S660_C430.txt has the score 134624.
Optimized for 26764 points.
Execution time: 30.00728594479927 minutes.

The usage based heuristic initial solution of I220_S660_C430.txt has the score 70189.
The traffic based heuristic initial solution of I220_S660_C430.txt has the score 109274.
The solution of I220_S660_C430.txt has the score 138832.
Optimized for 29558 points.
Execution time: 30.007311515253967 minutes.

The usage based heuristic initial solution of I200_S1000_C400.txt has the score 13238.
The traffic based heuristic initial solution of I200_S1000_C400.txt has the score 14885.
The solution of I200_S1000_C400.txt has the score 21083.
Optimized for 6198 points.
Execution time: 30.007393537353103 minutes.

The usage based heuristic initial solution of I220_S660_C430.txt has the score 70189.
The traffic based heuristic initial solution of I220_S660_C430.txt has the score 111407.
The solution of I220_S660_C430.txt has the score 135251.
Optimized for 23844 points.
Execution time: 30.007319641912666 minutes.

The usage based heuristic initial solution of I220_S660_C430.txt has the score 70189.
The traffic based heuristic initial solution of I220_S660_C430.txt has the score 109274.
The solution of I220_S660_C430.txt has the score 133260.
Optimized for 23986 points.
Execution time: 30.00748196215524 minutes.

The usage based heuristic initial solution of I200_S1000_C400.txt has the score 13238.
The traffic based heuristic initial solution of I200_S1000_C400.txt has the score 14912.
The solution of I200_S1000_C400.txt has the score 20787.
Optimized for 5875 points.
Execution time: 30.00750303436847 minutes.

The usage based heuristic initial solution of I200_S1000_C400.txt has the score 13238.
The traffic based heuristic initial solution of I200_S1000_C400.txt has the score 15124.
The solution of I200_S1000_C400.txt has the score 21119.
Optimized for 5995 points.
Execution time: 30.007728796630786 minutes.

The usage based heuristic initial solution of I200_S1000_C400.txt has the score 13238.
The traffic based heuristic initial solution of I200_S1000_C400.txt has the score 15898.
The solution of I200_S1000_C400.txt has the score 20338.
Optimized for 4440 points.
Execution time: 30.00838254719662 minutes.

The usage based heuristic initial solution of I300_S1500_C469.txt has the score 589462.
The traffic based heuristic initial solution of I300_S1500_C469.txt has the score 589379.
The solution of I300_S1500_C469.txt has the score 590131.
Optimized for 669 points.
Execution time: 30.008915898948906 minutes.

The usage based heuristic initial solution of I12000_S36000_C2000.txt has the score 2784978.
The traffic based heuristic initial solution of I12000_S36000_C2000.txt has the score 2784956.
The solution of I12000_S36000_C2000.txt has the score 2785157.
Optimized for 179 points.
Execution time: 30.01968590845354 minutes.

The usage based heuristic initial solution of I12000_S36000_C2000.txt has the score 2784978.
The traffic based heuristic initial solution of I12000_S36000_C2000.txt has the score 2784956.
The solution of I12000_S36000_C2000.txt has the score 2785146.
Optimized for 168 points.
Execution time: 30.020199132796066 minutes.

The usage based heuristic initial solution of I12000_S36000_C2000.txt has the score 2784978.
The traffic based heuristic initial solution of I12000_S36000_C2000.txt has the score 2784956.
The solution of I12000_S36000_C2000.txt has the score 2785144.
Optimized for 166 points.
Execution time: 30.027047097496688 minutes.

The usage based heuristic initial solution of I12000_S36000_C2000.txt has the score 2784978.
The traffic based heuristic initial solution of I12000_S36000_C2000.txt has the score 2784956.
The solution of I12000_S36000_C2000.txt has the score 2785146.
Optimized for 168 points.
Execution time: 30.027760695285785 minutes.

The usage based heuristic initial solution of I12000_S36000_C2000.txt has the score 2784978.
The traffic based heuristic initial solution of I12000_S36000_C2000.txt has the score 2784956.
The solution of I12000_S36000_C2000.txt has the score 2785145.
Optimized for 167 points.
Execution time: 30.028492441835503 minutes.

The usage based heuristic initial solution of I10000_S35030_C1000.txt has the score 1290788.
The traffic based heuristic initial solution of I10000_S35030_C1000.txt has the score 1298723.
The solution of I10000_S35030_C1000.txt has the score 1301467.
Optimized for 2744 points.
Execution time: 30.065532194271995 minutes.

The usage based heuristic initial solution of I1662_S10000_C1000.txt has the score 1293347.
The traffic based heuristic initial solution of I1662_S10000_C1000.txt has the score 768507.
The solution of I1662_S10000_C1000.txt has the score 1308630.
Optimized for 15283 points.
Execution time: 30.069436197650308 minutes.

The usage based heuristic initial solution of I1662_S10000_C1000.txt has the score 1293347.
The traffic based heuristic initial solution of I1662_S10000_C1000.txt has the score 780716.
The solution of I1662_S10000_C1000.txt has the score 1305907.
Optimized for 12560 points.
Execution time: 30.07077442492979 minutes.

The usage based heuristic initial solution of I1662_S10000_C1000.txt has the score 1293347.
The traffic based heuristic initial solution of I1662_S10000_C1000.txt has the score 759243.
The solution of I1662_S10000_C1000.txt has the score 1303478.
Optimized for 10131 points.
Execution time: 30.081518985300015 minutes.

The usage based heuristic initial solution of I10000_S35030_C1000.txt has the score 1290788.
The traffic based heuristic initial solution of I10000_S35030_C1000.txt has the score 1298720.
The solution of I10000_S35030_C1000.txt has the score 1300798.
Optimized for 2078 points.
Execution time: 30.083124921199246 minutes.

The usage based heuristic initial solution of I10000_S35030_C1000.txt has the score 1290788.
The traffic based heuristic initial solution of I10000_S35030_C1000.txt has the score 1298723.
The solution of I10000_S35030_C1000.txt has the score 1301458.
Optimized for 2735 points.
Execution time: 30.084969170833936 minutes.

The usage based heuristic initial solution of I10000_S35030_C1000.txt has the score 1290788.
The traffic based heuristic initial solution of I10000_S35030_C1000.txt has the score 1298723.
The solution of I10000_S35030_C1000.txt has the score 1301671.
Optimized for 2948 points.
Execution time: 30.086734101998932 minutes.

The usage based heuristic initial solution of I1662_S10000_C1000.txt has the score 1293347.
The traffic based heuristic initial solution of I1662_S10000_C1000.txt has the score 762810.
The solution of I1662_S10000_C1000.txt has the score 1306815.
Optimized for 13468 points.
Execution time: 30.08688263806204 minutes.

The usage based heuristic initial solution of I1662_S10000_C1000.txt has the score 1293347.
The traffic based heuristic initial solution of I1662_S10000_C1000.txt has the score 762183.
The solution of I1662_S10000_C1000.txt has the score 1303372.
Optimized for 10025 points.
Execution time: 30.08713831420367 minutes.

The usage based heuristic initial solution of I10000_S35030_C1000.txt has the score 1290788.
The traffic based heuristic initial solution of I10000_S35030_C1000.txt has the score 1298723.
The solution of I10000_S35030_C1000.txt has the score 1301788.
Optimized for 3065 points.
Execution time: 30.088850532844663 minutes.

The usage based heuristic initial solution of I80_S240_C300.txt has the score 108015.
The traffic based heuristic initial solution of I80_S240_C300.txt has the score 107931.
The solution of I80_S240_C300.txt has the score 108273.
Optimized for 258 points.
Execution time: 30.000691104168073 minutes.

The usage based heuristic initial solution of I80_S240_C300.txt has the score 108015.
The traffic based heuristic initial solution of I80_S240_C300.txt has the score 107931.
The solution of I80_S240_C300.txt has the score 108286.
Optimized for 271 points.
Execution time: 30.0007597841012 minutes.

The usage based heuristic initial solution of I80_S240_C300.txt has the score 108015.
The traffic based heuristic initial solution of I80_S240_C300.txt has the score 107931.
The solution of I80_S240_C300.txt has the score 108274.
Optimized for 259 points.
Execution time: 30.000719882617705 minutes.

The usage based heuristic initial solution of I80_S240_C300.txt has the score 108015.
The traffic based heuristic initial solution of I80_S240_C300.txt has the score 107931.
The solution of I80_S240_C300.txt has the score 108284.
Optimized for 269 points.
Execution time: 30.000742539949716 minutes.

The usage based heuristic initial solution of I80_S240_C300.txt has the score 108015.
The traffic based heuristic initial solution of I80_S240_C300.txt has the score 107931.
The solution of I80_S240_C300.txt has the score 108273.
Optimized for 258 points.
Execution time: 30.00072955871001 minutes.

The usage based heuristic initial solution of I99_S399_C400.txt has the score 145461.
The traffic based heuristic initial solution of I99_S399_C400.txt has the score 145268.
The solution of I99_S399_C400.txt has the score 145841.
Optimized for 380 points.
Execution time: 30.000912665234257 minutes.

The usage based heuristic initial solution of I99_S399_C400.txt has the score 145461.
The traffic based heuristic initial solution of I99_S399_C400.txt has the score 145268.
The solution of I99_S399_C400.txt has the score 145833.
Optimized for 372 points.
Execution time: 30.001277372248783 minutes.

The usage based heuristic initial solution of I99_S399_C400.txt has the score 145461.
The traffic based heuristic initial solution of I99_S399_C400.txt has the score 145268.
The solution of I99_S399_C400.txt has the score 145822.
Optimized for 361 points.
Execution time: 30.00127286563317 minutes.

The usage based heuristic initial solution of I99_S399_C400.txt has the score 145461.
The traffic based heuristic initial solution of I99_S399_C400.txt has the score 145268.
The solution of I99_S399_C400.txt has the score 145891.
Optimized for 430 points.
Execution time: 30.001311397583535 minutes.

The usage based heuristic initial solution of I99_S399_C400.txt has the score 145461.
The traffic based heuristic initial solution of I99_S399_C400.txt has the score 145268.
The solution of I99_S399_C400.txt has the score 145883.
Optimized for 422 points.
Execution time: 30.001357322900244 minutes.

The usage based heuristic initial solution of I80_S480_C600.txt has the score 420277.
The traffic based heuristic initial solution of I80_S480_C600.txt has the score 441430.
The solution of I80_S480_C600.txt has the score 484622.
Optimized for 43192 points.
Execution time: 30.00282794184362 minutes.

The usage based heuristic initial solution of I80_S480_C600.txt has the score 420277.
The traffic based heuristic initial solution of I80_S480_C600.txt has the score 436664.
The solution of I80_S480_C600.txt has the score 488930.
Optimized for 52266 points.
Execution time: 30.00397310219705 minutes.

The usage based heuristic initial solution of I80_S480_C600.txt has the score 420277.
The traffic based heuristic initial solution of I80_S480_C600.txt has the score 439264.
The solution of I80_S480_C600.txt has the score 485834.
Optimized for 46570 points.
Execution time: 30.003992891249556 minutes.

The usage based heuristic initial solution of I80_S480_C600.txt has the score 420277.
The traffic based heuristic initial solution of I80_S480_C600.txt has the score 438960.
The solution of I80_S480_C600.txt has the score 486123.
Optimized for 47163 points.
Execution time: 30.00404075377931 minutes.

The usage based heuristic initial solution of I80_S480_C600.txt has the score 420277.
The traffic based heuristic initial solution of I80_S480_C600.txt has the score 440795.
The solution of I80_S480_C600.txt has the score 482290.
Optimized for 41495 points.
Execution time: 30.00427289966804 minutes.

The usage based heuristic initial solution of I3333_S13332_C428.txt has the score 102998.
The traffic based heuristic initial solution of I3333_S13332_C428.txt has the score 103000.
The solution of I3333_S13332_C428.txt has the score 103163.
Optimized for 163 points.
Execution time: 30.006966248635823 minutes.

The usage based heuristic initial solution of I3333_S13332_C428.txt has the score 102998.
The traffic based heuristic initial solution of I3333_S13332_C428.txt has the score 103000.
The solution of I3333_S13332_C428.txt has the score 103157.
Optimized for 157 points.
Execution time: 30.008653155931583 minutes.

The usage based heuristic initial solution of I3333_S13332_C428.txt has the score 102998.
The traffic based heuristic initial solution of I3333_S13332_C428.txt has the score 103000.
The solution of I3333_S13332_C428.txt has the score 103162.
Optimized for 162 points.
Execution time: 30.008694096809872 minutes.

The usage based heuristic initial solution of I3333_S13332_C428.txt has the score 102998.
The traffic based heuristic initial solution of I3333_S13332_C428.txt has the score 103000.
The solution of I3333_S13332_C428.txt has the score 103155.
Optimized for 155 points.
Execution time: 30.008867231973756 minutes.

The usage based heuristic initial solution of I3333_S13332_C428.txt has the score 102998.
The traffic based heuristic initial solution of I3333_S13332_C428.txt has the score 103000.
The solution of I3333_S13332_C428.txt has the score 103162.
Optimized for 162 points.
Execution time: 30.011107417879007 minutes.

The usage based heuristic initial solution of I600_S3000_C332.txt has the score 119295.
The traffic based heuristic initial solution of I600_S3000_C332.txt has the score 118698.
The solution of I600_S3000_C332.txt has the score 122601.
Optimized for 3306 points.
Execution time: 30.012340948847122 minutes.

The usage based heuristic initial solution of I600_S3000_C332.txt has the score 119295.
The traffic based heuristic initial solution of I600_S3000_C332.txt has the score 118698.
The solution of I600_S3000_C332.txt has the score 122228.
Optimized for 2933 points.
Execution time: 30.01248926873474 minutes.

The usage based heuristic initial solution of I500_S998_C1000.txt has the score 714916.
The traffic based heuristic initial solution of I500_S998_C1000.txt has the score 664197.
The solution of I500_S998_C1000.txt has the score 751255.
Optimized for 36339 points.
Execution time: 30.014386201673187 minutes.

The usage based heuristic initial solution of I500_S998_C1000.txt has the score 714916.
The traffic based heuristic initial solution of I500_S998_C1000.txt has the score 664705.
The solution of I500_S998_C1000.txt has the score 747902.
Optimized for 32986 points.
Execution time: 30.014627500444963 minutes.

The usage based heuristic initial solution of I500_S998_C1000.txt has the score 714916.
The traffic based heuristic initial solution of I500_S998_C1000.txt has the score 659597.
The solution of I500_S998_C1000.txt has the score 753803.
Optimized for 38887 points.
Execution time: 30.014691284345464 minutes.

The usage based heuristic initial solution of I500_S998_C1000.txt has the score 714916.
The traffic based heuristic initial solution of I500_S998_C1000.txt has the score 659735.
The solution of I500_S998_C1000.txt has the score 749107.
Optimized for 34191 points.
Execution time: 30.014712246111593 minutes.

The usage based heuristic initial solution of I600_S3000_C332.txt has the score 119295.
The traffic based heuristic initial solution of I600_S3000_C332.txt has the score 118698.
The solution of I600_S3000_C332.txt has the score 122597.
Optimized for 3302 points.
Execution time: 30.015347302588633 minutes.

The usage based heuristic initial solution of I600_S3000_C332.txt has the score 119295.
The traffic based heuristic initial solution of I600_S3000_C332.txt has the score 118698.
The solution of I600_S3000_C332.txt has the score 122432.
Optimized for 3137 points.
Execution time: 30.015285085731495 minutes.

The usage based heuristic initial solution of I600_S3000_C332.txt has the score 119295.
The traffic based heuristic initial solution of I600_S3000_C332.txt has the score 118698.
The solution of I600_S3000_C332.txt has the score 122024.
Optimized for 2729 points.
Execution time: 30.016300448620072 minutes.

The usage based heuristic initial solution of I500_S998_C1000.txt has the score 714916.
The traffic based heuristic initial solution of I500_S998_C1000.txt has the score 660859.
The solution of I500_S998_C1000.txt has the score 747252.
Optimized for 32336 points.
Execution time: 30.019288422353565 minutes.

The usage based heuristic initial solution of I9000_S36000_C1500.txt has the score 1128412.
The traffic based heuristic initial solution of I9000_S36000_C1500.txt has the score 1128385.
The solution of I9000_S36000_C1500.txt has the score 1128580.
Optimized for 168 points.
Execution time: 30.02306313510053 minutes.

The usage based heuristic initial solution of I9000_S36000_C1500.txt has the score 1128412.
The traffic based heuristic initial solution of I9000_S36000_C1500.txt has the score 1128385.
The solution of I9000_S36000_C1500.txt has the score 1128610.
Optimized for 198 points.
Execution time: 30.023331930480587 minutes.

The usage based heuristic initial solution of I9000_S36000_C1500.txt has the score 1128412.
The traffic based heuristic initial solution of I9000_S36000_C1500.txt has the score 1128385.
The solution of I9000_S36000_C1500.txt has the score 1128581.
Optimized for 169 points.
Execution time: 30.023478550549285 minutes.

The usage based heuristic initial solution of I9000_S36000_C1500.txt has the score 1128412.
The traffic based heuristic initial solution of I9000_S36000_C1500.txt has the score 1128385.
The solution of I9000_S36000_C1500.txt has the score 1128565.
Optimized for 153 points.
Execution time: 30.023776046535932 minutes.

The usage based heuristic initial solution of I9000_S36000_C1500.txt has the score 1128412.
The traffic based heuristic initial solution of I9000_S36000_C1500.txt has the score 1128385.
The solution of I9000_S36000_C1500.txt has the score 1128587.
Optimized for 175 points.
Execution time: 30.024015667662024 minutes.

The usage based heuristic initial solution of I4000_S24000_C401.txt has the score 1695694.
The traffic based heuristic initial solution of I4000_S24000_C401.txt has the score 1695700.
The solution of I4000_S24000_C401.txt has the score 1695919.
Optimized for 219 points.
Execution time: 30.05643500050064 minutes.

The usage based heuristic initial solution of I4000_S24000_C401.txt has the score 1695694.
The traffic based heuristic initial solution of I4000_S24000_C401.txt has the score 1695700.
The solution of I4000_S24000_C401.txt has the score 1695891.
Optimized for 191 points.
Execution time: 30.057112072136565 minutes.

The usage based heuristic initial solution of I4000_S24000_C401.txt has the score 1695694.
The traffic based heuristic initial solution of I4000_S24000_C401.txt has the score 1695700.
The solution of I4000_S24000_C401.txt has the score 1695904.
Optimized for 204 points.
Execution time: 30.057118565565908 minutes.

The usage based heuristic initial solution of I4000_S24000_C401.txt has the score 1695694.
The traffic based heuristic initial solution of I4000_S24000_C401.txt has the score 1695700.
The solution of I4000_S24000_C401.txt has the score 1695903.
Optimized for 203 points.
Execution time: 30.058422272272097 minutes.

The usage based heuristic initial solution of I4000_S24000_C401.txt has the score 1695694.
The traffic based heuristic initial solution of I4000_S24000_C401.txt has the score 1695700.
The solution of I4000_S24000_C401.txt has the score 1695899.
Optimized for 199 points.
Execution time: 30.05888017406687 minutes.

The usage based heuristic initial solution of I7073_S9102_C1000.txt has the score 4566384.
The traffic based heuristic initial solution of I7073_S9102_C1000.txt has the score 4566384.
The solution of I7073_S9102_C1000.txt has the score 4567012.
Optimized for 628 points.
Execution time: 30.07670075032705 minutes.

The usage based heuristic initial solution of I7073_S9102_C1000.txt has the score 4566384.
The traffic based heuristic initial solution of I7073_S9102_C1000.txt has the score 4566384.
The solution of I7073_S9102_C1000.txt has the score 4566881.
Optimized for 497 points.
Execution time: 30.106355131231247 minutes.

The usage based heuristic initial solution of I7073_S9102_C1000.txt has the score 4566384.
The traffic based heuristic initial solution of I7073_S9102_C1000.txt has the score 4566384.
The solution of I7073_S9102_C1000.txt has the score 4566992.
Optimized for 608 points.
Execution time: 30.10817955525126 minutes.

The usage based heuristic initial solution of I7073_S9102_C1000.txt has the score 4566384.
The traffic based heuristic initial solution of I7073_S9102_C1000.txt has the score 4566384.
The solution of I7073_S9102_C1000.txt has the score 4567006.
Optimized for 622 points.
Execution time: 30.108687610536194 minutes.

The usage based heuristic initial solution of I7073_S9102_C1000.txt has the score 4566384.
The traffic based heuristic initial solution of I7073_S9102_C1000.txt has the score 4566384.
The solution of I7073_S9102_C1000.txt has the score 4566946.
Optimized for 562 points.
Execution time: 30.10922809523375 minutes.

The usage based heuristic initial solution of I8000_S95928_C1000.txt has the score 1139761.
The traffic based heuristic initial solution of I8000_S95928_C1000.txt has the score 1560150.
The solution of I8000_S95928_C1000.txt has the score 1598293.
Optimized for 38143 points.
Execution time: 30.557369679554053 minutes.

The usage based heuristic initial solution of I8000_S95928_C1000.txt has the score 1139761.
The traffic based heuristic initial solution of I8000_S95928_C1000.txt has the score 1548762.
The solution of I8000_S95928_C1000.txt has the score 1593047.
Optimized for 44285 points.
Execution time: 30.671245997531027 minutes.

The usage based heuristic initial solution of I8000_S95928_C1000.txt has the score 1139761.
The traffic based heuristic initial solution of I8000_S95928_C1000.txt has the score 1561748.
The solution of I8000_S95928_C1000.txt has the score 1593844.
Optimized for 32096 points.
Execution time: 30.676131083288542 minutes.

The usage based heuristic initial solution of I8000_S95928_C1000.txt has the score 1139761.
The traffic based heuristic initial solution of I8000_S95928_C1000.txt has the score 1570318.
The solution of I8000_S95928_C1000.txt has the score 1587527.
Optimized for 17209 points.
Execution time: 30.69911805690111 minutes.

The usage based heuristic initial solution of I8000_S95928_C1000.txt has the score 1139761.
The traffic based heuristic initial solution of I8000_S95928_C1000.txt has the score 1546199.
The solution of I8000_S95928_C1000.txt has the score 1579029.
Optimized for 32830 points.
Execution time: 30.73158341824698 minutes.

