The usage based heuristic initial solution of I100_S500_C500.txt has the score 449528.
The traffic based heuristic initial solution of I100_S500_C500.txt has the score 449307.
The solution of I100_S500_C500.txt has the score 450201.
Optimized for 673 points.
Execution time: 30.000888546168184 minutes.

The usage based heuristic initial solution of I100_S500_C500.txt has the score 449528.
The traffic based heuristic initial solution of I100_S500_C500.txt has the score 449307.
The solution of I100_S500_C500.txt has the score 450160.
Optimized for 632 points.
Execution time: 30.000930526138593 minutes.

The usage based heuristic initial solution of I100_S500_C500.txt has the score 449528.
The traffic based heuristic initial solution of I100_S500_C500.txt has the score 449307.
The solution of I100_S500_C500.txt has the score 450143.
Optimized for 615 points.
Execution time: 30.000968716766995 minutes.

The usage based heuristic initial solution of I100_S500_C500.txt has the score 449528.
The traffic based heuristic initial solution of I100_S500_C500.txt has the score 449307.
The solution of I100_S500_C500.txt has the score 450176.
Optimized for 648 points.
Execution time: 30.000946203347606 minutes.

The usage based heuristic initial solution of I120_S480_C500.txt has the score 568233.
The traffic based heuristic initial solution of I120_S480_C500.txt has the score 568016.
The solution of I120_S480_C500.txt has the score 568679.
Optimized for 446 points.
Execution time: 30.001140658122797 minutes.

The usage based heuristic initial solution of I120_S480_C500.txt has the score 568233.
The traffic based heuristic initial solution of I120_S480_C500.txt has the score 568016.
The solution of I120_S480_C500.txt has the score 568663.
Optimized for 430 points.
Execution time: 30.00118254593108 minutes.

The usage based heuristic initial solution of I100_S500_C500.txt has the score 449528.
The traffic based heuristic initial solution of I100_S500_C500.txt has the score 449307.
The solution of I100_S500_C500.txt has the score 450146.
Optimized for 618 points.
Execution time: 30.001879591479277 minutes.

The usage based heuristic initial solution of I120_S480_C500.txt has the score 568233.
The traffic based heuristic initial solution of I120_S480_C500.txt has the score 568016.
The solution of I120_S480_C500.txt has the score 568589.
Optimized for 356 points.
Execution time: 30.002140388521365 minutes.

The usage based heuristic initial solution of I120_S480_C500.txt has the score 568233.
The traffic based heuristic initial solution of I120_S480_C500.txt has the score 568016.
The solution of I120_S480_C500.txt has the score 568675.
Optimized for 442 points.
Execution time: 30.002210288634522 minutes.

The usage based heuristic initial solution of I120_S480_C500.txt has the score 568233.
The traffic based heuristic initial solution of I120_S480_C500.txt has the score 568016.
The solution of I120_S480_C500.txt has the score 568658.
Optimized for 425 points.
Execution time: 30.00230512227863 minutes.

The usage based heuristic initial solution of I100_S600_C153.txt has the score 60813.
The traffic based heuristic initial solution of I100_S600_C153.txt has the score 63817.
The solution of I100_S600_C153.txt has the score 70268.
Optimized for 6451 points.
Execution time: 30.00337390486772 minutes.

The usage based heuristic initial solution of I100_S600_C153.txt has the score 60813.
The traffic based heuristic initial solution of I100_S600_C153.txt has the score 63139.
The solution of I100_S600_C153.txt has the score 72285.
Optimized for 9146 points.
Execution time: 30.003921890988327 minutes.

The usage based heuristic initial solution of I100_S600_C153.txt has the score 60813.
The traffic based heuristic initial solution of I100_S600_C153.txt has the score 63148.
The solution of I100_S600_C153.txt has the score 69648.
Optimized for 6500 points.
Execution time: 30.004800690400103 minutes.

The usage based heuristic initial solution of I100_S600_C153.txt has the score 60813.
The traffic based heuristic initial solution of I100_S600_C153.txt has the score 63137.
The solution of I100_S600_C153.txt has the score 72311.
Optimized for 9174 points.
Execution time: 30.005014508885022 minutes.

The usage based heuristic initial solution of I100_S600_C153.txt has the score 60813.
The traffic based heuristic initial solution of I100_S600_C153.txt has the score 63829.
The solution of I100_S600_C153.txt has the score 70902.
Optimized for 7073 points.
Execution time: 30.005111858132295 minutes.

The usage based heuristic initial solution of I2000_S12000_C57.txt has the score 53447.
The traffic based heuristic initial solution of I2000_S12000_C57.txt has the score 53448.
The solution of I2000_S12000_C57.txt has the score 54509.
Optimized for 1061 points.
Execution time: 30.004840922526395 minutes.

The usage based heuristic initial solution of I2000_S12000_C57.txt has the score 53447.
The traffic based heuristic initial solution of I2000_S12000_C57.txt has the score 53448.
The solution of I2000_S12000_C57.txt has the score 54504.
Optimized for 1056 points.
Execution time: 30.005033622860598 minutes.

The usage based heuristic initial solution of I2000_S12000_C57.txt has the score 53447.
The traffic based heuristic initial solution of I2000_S12000_C57.txt has the score 53448.
The solution of I2000_S12000_C57.txt has the score 54512.
Optimized for 1064 points.
Execution time: 30.005519164788225 minutes.

The usage based heuristic initial solution of I2000_S12000_C57.txt has the score 53447.
The traffic based heuristic initial solution of I2000_S12000_C57.txt has the score 53448.
The solution of I2000_S12000_C57.txt has the score 54505.
Optimized for 1057 points.
Execution time: 30.005506462898726 minutes.

The usage based heuristic initial solution of I2000_S12000_C57.txt has the score 53447.
The traffic based heuristic initial solution of I2000_S12000_C57.txt has the score 53448.
The solution of I2000_S12000_C57.txt has the score 54507.
Optimized for 1059 points.
Execution time: 30.00555601240291 minutes.

The usage based heuristic initial solution of I300_S1500_C469.txt has the score 589462.
The traffic based heuristic initial solution of I300_S1500_C469.txt has the score 589379.
The solution of I300_S1500_C469.txt has the score 589888.
Optimized for 426 points.
Execution time: 30.006344787388418 minutes.

The usage based heuristic initial solution of I200_S1000_C400.txt has the score 13238.
The traffic based heuristic initial solution of I200_S1000_C400.txt has the score 14888.
The solution of I200_S1000_C400.txt has the score 20526.
Optimized for 5638 points.
Execution time: 30.006859282768954 minutes.

The usage based heuristic initial solution of I200_S1000_C400.txt has the score 13238.
The traffic based heuristic initial solution of I200_S1000_C400.txt has the score 14634.
The solution of I200_S1000_C400.txt has the score 19950.
Optimized for 5316 points.
Execution time: 30.007010286596294 minutes.

The usage based heuristic initial solution of I300_S1500_C469.txt has the score 589462.
The traffic based heuristic initial solution of I300_S1500_C469.txt has the score 589379.
The solution of I300_S1500_C469.txt has the score 589851.
Optimized for 389 points.
Execution time: 30.006967455878232 minutes.

The usage based heuristic initial solution of I200_S1000_C400.txt has the score 13238.
The traffic based heuristic initial solution of I200_S1000_C400.txt has the score 15154.
The solution of I200_S1000_C400.txt has the score 20304.
Optimized for 5150 points.
Execution time: 30.007068181216408 minutes.

The usage based heuristic initial solution of I200_S1000_C400.txt has the score 13238.
The traffic based heuristic initial solution of I200_S1000_C400.txt has the score 15143.
The solution of I200_S1000_C400.txt has the score 19318.
Optimized for 4175 points.
Execution time: 30.00717908986068 minutes.

The usage based heuristic initial solution of I220_S660_C430.txt has the score 70189.
The traffic based heuristic initial solution of I220_S660_C430.txt has the score 109962.
The solution of I220_S660_C430.txt has the score 131071.
Optimized for 21109 points.
Execution time: 30.00711391805671 minutes.

The usage based heuristic initial solution of I220_S660_C430.txt has the score 70189.
The traffic based heuristic initial solution of I220_S660_C430.txt has the score 105725.
The solution of I220_S660_C430.txt has the score 128239.
Optimized for 22514 points.
Execution time: 30.00739837163904 minutes.

The usage based heuristic initial solution of I200_S1000_C400.txt has the score 13238.
The traffic based heuristic initial solution of I200_S1000_C400.txt has the score 14384.
The solution of I200_S1000_C400.txt has the score 20012.
Optimized for 5628 points.
Execution time: 30.00814806611743 minutes.

The usage based heuristic initial solution of I300_S1500_C469.txt has the score 589462.
The traffic based heuristic initial solution of I300_S1500_C469.txt has the score 589379.
The solution of I300_S1500_C469.txt has the score 589870.
Optimized for 408 points.
Execution time: 30.008280743200643 minutes.

The usage based heuristic initial solution of I300_S1500_C469.txt has the score 589462.
The traffic based heuristic initial solution of I300_S1500_C469.txt has the score 589379.
The solution of I300_S1500_C469.txt has the score 589878.
Optimized for 416 points.
Execution time: 30.00876623928392 minutes.

The usage based heuristic initial solution of I220_S660_C430.txt has the score 70189.
The traffic based heuristic initial solution of I220_S660_C430.txt has the score 109291.
The solution of I220_S660_C430.txt has the score 128886.
Optimized for 19595 points.
Execution time: 30.008901142911053 minutes.

The usage based heuristic initial solution of I220_S660_C430.txt has the score 70189.
The traffic based heuristic initial solution of I220_S660_C430.txt has the score 108533.
The solution of I220_S660_C430.txt has the score 128842.
Optimized for 20309 points.
Execution time: 30.009151689801364 minutes.

The usage based heuristic initial solution of I220_S660_C430.txt has the score 70189.
The traffic based heuristic initial solution of I220_S660_C430.txt has the score 108555.
The solution of I220_S660_C430.txt has the score 126870.
Optimized for 18315 points.
Execution time: 30.00916591642114 minutes.

The usage based heuristic initial solution of I300_S1500_C469.txt has the score 589462.
The traffic based heuristic initial solution of I300_S1500_C469.txt has the score 589379.
The solution of I300_S1500_C469.txt has the score 589819.
Optimized for 357 points.
Execution time: 30.009158706680562 minutes.

The usage based heuristic initial solution of I12000_S36000_C2000.txt has the score 2784978.
The traffic based heuristic initial solution of I12000_S36000_C2000.txt has the score 2784956.
The solution of I12000_S36000_C2000.txt has the score 2785038.
Optimized for 60 points.
Execution time: 30.019237638365787 minutes.

The usage based heuristic initial solution of I12000_S36000_C2000.txt has the score 2784978.
The traffic based heuristic initial solution of I12000_S36000_C2000.txt has the score 2784956.
The solution of I12000_S36000_C2000.txt has the score 2785045.
Optimized for 67 points.
Execution time: 30.02068495088412 minutes.

The usage based heuristic initial solution of I12000_S36000_C2000.txt has the score 2784978.
The traffic based heuristic initial solution of I12000_S36000_C2000.txt has the score 2784956.
The solution of I12000_S36000_C2000.txt has the score 2785050.
Optimized for 72 points.
Execution time: 30.020931175878893 minutes.

The usage based heuristic initial solution of I12000_S36000_C2000.txt has the score 2784978.
The traffic based heuristic initial solution of I12000_S36000_C2000.txt has the score 2784956.
The solution of I12000_S36000_C2000.txt has the score 2785053.
Optimized for 75 points.
Execution time: 30.02106733690016 minutes.

The usage based heuristic initial solution of I12000_S36000_C2000.txt has the score 2784978.
The traffic based heuristic initial solution of I12000_S36000_C2000.txt has the score 2784956.
The solution of I12000_S36000_C2000.txt has the score 2785036.
Optimized for 58 points.
Execution time: 30.021488018721964 minutes.

The usage based heuristic initial solution of I10000_S35030_C1000.txt has the score 1290788.
The traffic based heuristic initial solution of I10000_S35030_C1000.txt has the score 1298720.
The solution of I10000_S35030_C1000.txt has the score 1299947.
Optimized for 1227 points.
Execution time: 30.076834561885335 minutes.

The usage based heuristic initial solution of I10000_S35030_C1000.txt has the score 1290788.
The traffic based heuristic initial solution of I10000_S35030_C1000.txt has the score 1298720.
The solution of I10000_S35030_C1000.txt has the score 1299488.
Optimized for 768 points.
Execution time: 30.081964372882307 minutes.

The usage based heuristic initial solution of I10000_S35030_C1000.txt has the score 1290788.
The traffic based heuristic initial solution of I10000_S35030_C1000.txt has the score 1298723.
The solution of I10000_S35030_C1000.txt has the score 1298973.
Optimized for 250 points.
Execution time: 30.082206042382555 minutes.

The usage based heuristic initial solution of I1662_S10000_C1000.txt has the score 1293347.
The traffic based heuristic initial solution of I1662_S10000_C1000.txt has the score 761111.
The solution of I1662_S10000_C1000.txt has the score 1300314.
Optimized for 6967 points.
Execution time: 30.0819268046335 minutes.

The usage based heuristic initial solution of I1662_S10000_C1000.txt has the score 1293347.
The traffic based heuristic initial solution of I1662_S10000_C1000.txt has the score 784676.
The solution of I1662_S10000_C1000.txt has the score 1301826.
Optimized for 8479 points.
Execution time: 30.083392652054318 minutes.

The usage based heuristic initial solution of I10000_S35030_C1000.txt has the score 1290788.
The traffic based heuristic initial solution of I10000_S35030_C1000.txt has the score 1298720.
The solution of I10000_S35030_C1000.txt has the score 1299728.
Optimized for 1008 points.
Execution time: 30.084622102083326 minutes.

The usage based heuristic initial solution of I1662_S10000_C1000.txt has the score 1293347.
The traffic based heuristic initial solution of I1662_S10000_C1000.txt has the score 769876.
The solution of I1662_S10000_C1000.txt has the score 1303633.
Optimized for 10286 points.
Execution time: 30.08705128276876 minutes.

The usage based heuristic initial solution of I1662_S10000_C1000.txt has the score 1293347.
The traffic based heuristic initial solution of I1662_S10000_C1000.txt has the score 770644.
The solution of I1662_S10000_C1000.txt has the score 1305581.
Optimized for 12234 points.
Execution time: 30.08752169048724 minutes.

The usage based heuristic initial solution of I1662_S10000_C1000.txt has the score 1293347.
The traffic based heuristic initial solution of I1662_S10000_C1000.txt has the score 767038.
The solution of I1662_S10000_C1000.txt has the score 1303017.
Optimized for 9670 points.
Execution time: 30.089709053382588 minutes.

The usage based heuristic initial solution of I10000_S35030_C1000.txt has the score 1290788.
The traffic based heuristic initial solution of I10000_S35030_C1000.txt has the score 1298723.
The solution of I10000_S35030_C1000.txt has the score 1299289.
Optimized for 566 points.
Execution time: 30.09230335743632 minutes.

The usage based heuristic initial solution of I80_S240_C300.txt has the score 108015.
The traffic based heuristic initial solution of I80_S240_C300.txt has the score 107931.
The solution of I80_S240_C300.txt has the score 108253.
Optimized for 238 points.
Execution time: 30.000552611099558 minutes.

The usage based heuristic initial solution of I80_S240_C300.txt has the score 108015.
The traffic based heuristic initial solution of I80_S240_C300.txt has the score 107931.
The solution of I80_S240_C300.txt has the score 108236.
Optimized for 221 points.
Execution time: 30.000771501567215 minutes.

The usage based heuristic initial solution of I80_S240_C300.txt has the score 108015.
The traffic based heuristic initial solution of I80_S240_C300.txt has the score 107931.
The solution of I80_S240_C300.txt has the score 108242.
Optimized for 227 points.
Execution time: 30.000744227219062 minutes.

The usage based heuristic initial solution of I80_S240_C300.txt has the score 108015.
The traffic based heuristic initial solution of I80_S240_C300.txt has the score 107931.
The solution of I80_S240_C300.txt has the score 108247.
Optimized for 232 points.
Execution time: 30.000770636935098 minutes.

The usage based heuristic initial solution of I80_S240_C300.txt has the score 108015.
The traffic based heuristic initial solution of I80_S240_C300.txt has the score 107931.
The solution of I80_S240_C300.txt has the score 108247.
Optimized for 232 points.
Execution time: 30.000794392614626 minutes.

The usage based heuristic initial solution of I99_S399_C400.txt has the score 145461.
The traffic based heuristic initial solution of I99_S399_C400.txt has the score 145268.
The solution of I99_S399_C400.txt has the score 145812.
Optimized for 351 points.
Execution time: 30.000901725934817 minutes.

The usage based heuristic initial solution of I99_S399_C400.txt has the score 145461.
The traffic based heuristic initial solution of I99_S399_C400.txt has the score 145268.
The solution of I99_S399_C400.txt has the score 145804.
Optimized for 343 points.
Execution time: 30.000909795503443 minutes.

The usage based heuristic initial solution of I99_S399_C400.txt has the score 145461.
The traffic based heuristic initial solution of I99_S399_C400.txt has the score 145268.
The solution of I99_S399_C400.txt has the score 145777.
Optimized for 316 points.
Execution time: 30.001330518637165 minutes.

The usage based heuristic initial solution of I99_S399_C400.txt has the score 145461.
The traffic based heuristic initial solution of I99_S399_C400.txt has the score 145268.
The solution of I99_S399_C400.txt has the score 145758.
Optimized for 297 points.
Execution time: 30.001291766382444 minutes.

The usage based heuristic initial solution of I99_S399_C400.txt has the score 145461.
The traffic based heuristic initial solution of I99_S399_C400.txt has the score 145268.
The solution of I99_S399_C400.txt has the score 145754.
Optimized for 293 points.
Execution time: 30.00139245404862 minutes.

The usage based heuristic initial solution of I80_S480_C600.txt has the score 420277.
The traffic based heuristic initial solution of I80_S480_C600.txt has the score 441599.
The solution of I80_S480_C600.txt has the score 484252.
Optimized for 42653 points.
Execution time: 30.0038069923874 minutes.

The usage based heuristic initial solution of I80_S480_C600.txt has the score 420277.
The traffic based heuristic initial solution of I80_S480_C600.txt has the score 444886.
The solution of I80_S480_C600.txt has the score 481458.
Optimized for 36572 points.
Execution time: 30.00382633911601 minutes.

The usage based heuristic initial solution of I80_S480_C600.txt has the score 420277.
The traffic based heuristic initial solution of I80_S480_C600.txt has the score 438247.
The solution of I80_S480_C600.txt has the score 477530.
Optimized for 39283 points.
Execution time: 30.00396703093623 minutes.

The usage based heuristic initial solution of I80_S480_C600.txt has the score 420277.
The traffic based heuristic initial solution of I80_S480_C600.txt has the score 440804.
The solution of I80_S480_C600.txt has the score 479768.
Optimized for 38964 points.
Execution time: 30.003975201933645 minutes.

The usage based heuristic initial solution of I80_S480_C600.txt has the score 420277.
The traffic based heuristic initial solution of I80_S480_C600.txt has the score 441700.
The solution of I80_S480_C600.txt has the score 479843.
Optimized for 38143 points.
Execution time: 30.004369702919696 minutes.

The usage based heuristic initial solution of I3333_S13332_C428.txt has the score 102998.
The traffic based heuristic initial solution of I3333_S13332_C428.txt has the score 103000.
The solution of I3333_S13332_C428.txt has the score 103107.
Optimized for 107 points.
Execution time: 30.007653591944838 minutes.

The usage based heuristic initial solution of I3333_S13332_C428.txt has the score 102998.
The traffic based heuristic initial solution of I3333_S13332_C428.txt has the score 103000.
The solution of I3333_S13332_C428.txt has the score 103094.
Optimized for 94 points.
Execution time: 30.008907723838153 minutes.

The usage based heuristic initial solution of I3333_S13332_C428.txt has the score 102998.
The traffic based heuristic initial solution of I3333_S13332_C428.txt has the score 103000.
The solution of I3333_S13332_C428.txt has the score 103099.
Optimized for 99 points.
Execution time: 30.00896413096537 minutes.

The usage based heuristic initial solution of I3333_S13332_C428.txt has the score 102998.
The traffic based heuristic initial solution of I3333_S13332_C428.txt has the score 103000.
The solution of I3333_S13332_C428.txt has the score 103105.
Optimized for 105 points.
Execution time: 30.008987102983518 minutes.

The usage based heuristic initial solution of I3333_S13332_C428.txt has the score 102998.
The traffic based heuristic initial solution of I3333_S13332_C428.txt has the score 103000.
The solution of I3333_S13332_C428.txt has the score 103092.
Optimized for 92 points.
Execution time: 30.00923466993651 minutes.

The usage based heuristic initial solution of I600_S3000_C332.txt has the score 119295.
The traffic based heuristic initial solution of I600_S3000_C332.txt has the score 118698.
The solution of I600_S3000_C332.txt has the score 122158.
Optimized for 2863 points.
Execution time: 30.011988489236682 minutes.

The usage based heuristic initial solution of I600_S3000_C332.txt has the score 119295.
The traffic based heuristic initial solution of I600_S3000_C332.txt has the score 118698.
The solution of I600_S3000_C332.txt has the score 121610.
Optimized for 2315 points.
Execution time: 30.012590655117915 minutes.

The usage based heuristic initial solution of I600_S3000_C332.txt has the score 119295.
The traffic based heuristic initial solution of I600_S3000_C332.txt has the score 118698.
The solution of I600_S3000_C332.txt has the score 121917.
Optimized for 2622 points.
Execution time: 30.012875732569956 minutes.

The usage based heuristic initial solution of I500_S998_C1000.txt has the score 714916.
The traffic based heuristic initial solution of I500_S998_C1000.txt has the score 661719.
The solution of I500_S998_C1000.txt has the score 749183.
Optimized for 34267 points.
Execution time: 30.013933364030283 minutes.

The usage based heuristic initial solution of I500_S998_C1000.txt has the score 714916.
The traffic based heuristic initial solution of I500_S998_C1000.txt has the score 663380.
The solution of I500_S998_C1000.txt has the score 749376.
Optimized for 34460 points.
Execution time: 30.014163363251523 minutes.

The usage based heuristic initial solution of I500_S998_C1000.txt has the score 714916.
The traffic based heuristic initial solution of I500_S998_C1000.txt has the score 658248.
The solution of I500_S998_C1000.txt has the score 752432.
Optimized for 37516 points.
Execution time: 30.014337942081813 minutes.

The usage based heuristic initial solution of I600_S3000_C332.txt has the score 119295.
The traffic based heuristic initial solution of I600_S3000_C332.txt has the score 118698.
The solution of I600_S3000_C332.txt has the score 121908.
Optimized for 2613 points.
Execution time: 30.01514129328231 minutes.

The usage based heuristic initial solution of I500_S998_C1000.txt has the score 714916.
The traffic based heuristic initial solution of I500_S998_C1000.txt has the score 662780.
The solution of I500_S998_C1000.txt has the score 746786.
Optimized for 31870 points.
Execution time: 30.015698364051058 minutes.

The usage based heuristic initial solution of I600_S3000_C332.txt has the score 119295.
The traffic based heuristic initial solution of I600_S3000_C332.txt has the score 118698.
The solution of I600_S3000_C332.txt has the score 122433.
Optimized for 3138 points.
Execution time: 30.01648364138479 minutes.

The usage based heuristic initial solution of I500_S998_C1000.txt has the score 714916.
The traffic based heuristic initial solution of I500_S998_C1000.txt has the score 660662.
The solution of I500_S998_C1000.txt has the score 746833.
Optimized for 31917 points.
Execution time: 30.01738308883117 minutes.

The usage based heuristic initial solution of I9000_S36000_C1500.txt has the score 1128412.
The traffic based heuristic initial solution of I9000_S36000_C1500.txt has the score 1128385.
The solution of I9000_S36000_C1500.txt has the score 1128492.
Optimized for 80 points.
Execution time: 30.022994185316687 minutes.

The usage based heuristic initial solution of I9000_S36000_C1500.txt has the score 1128412.
The traffic based heuristic initial solution of I9000_S36000_C1500.txt has the score 1128385.
The solution of I9000_S36000_C1500.txt has the score 1128482.
Optimized for 70 points.
Execution time: 30.023042273381726 minutes.

The usage based heuristic initial solution of I9000_S36000_C1500.txt has the score 1128412.
The traffic based heuristic initial solution of I9000_S36000_C1500.txt has the score 1128385.
The solution of I9000_S36000_C1500.txt has the score 1128496.
Optimized for 84 points.
Execution time: 30.0233797066845 minutes.

The usage based heuristic initial solution of I9000_S36000_C1500.txt has the score 1128412.
The traffic based heuristic initial solution of I9000_S36000_C1500.txt has the score 1128385.
The solution of I9000_S36000_C1500.txt has the score 1128486.
Optimized for 74 points.
Execution time: 30.023499182883338 minutes.

The usage based heuristic initial solution of I9000_S36000_C1500.txt has the score 1128412.
The traffic based heuristic initial solution of I9000_S36000_C1500.txt has the score 1128385.
The solution of I9000_S36000_C1500.txt has the score 1128488.
Optimized for 76 points.
Execution time: 30.02390556176348 minutes.

The usage based heuristic initial solution of I4000_S24000_C401.txt has the score 1695694.
The traffic based heuristic initial solution of I4000_S24000_C401.txt has the score 1695700.
The solution of I4000_S24000_C401.txt has the score 1695802.
Optimized for 102 points.
Execution time: 30.05366168913897 minutes.

The usage based heuristic initial solution of I4000_S24000_C401.txt has the score 1695694.
The traffic based heuristic initial solution of I4000_S24000_C401.txt has the score 1695700.
The solution of I4000_S24000_C401.txt has the score 1695827.
Optimized for 127 points.
Execution time: 30.054489833512342 minutes.

The usage based heuristic initial solution of I4000_S24000_C401.txt has the score 1695694.
The traffic based heuristic initial solution of I4000_S24000_C401.txt has the score 1695700.
The solution of I4000_S24000_C401.txt has the score 1695814.
Optimized for 114 points.
Execution time: 30.05476593337177 minutes.

The usage based heuristic initial solution of I4000_S24000_C401.txt has the score 1695694.
The traffic based heuristic initial solution of I4000_S24000_C401.txt has the score 1695700.
The solution of I4000_S24000_C401.txt has the score 1695805.
Optimized for 105 points.
Execution time: 30.05478239854953 minutes.

The usage based heuristic initial solution of I4000_S24000_C401.txt has the score 1695694.
The traffic based heuristic initial solution of I4000_S24000_C401.txt has the score 1695700.
The solution of I4000_S24000_C401.txt has the score 1695798.
Optimized for 98 points.
Execution time: 30.076002381144402 minutes.

The usage based heuristic initial solution of I7073_S9102_C1000.txt has the score 4566384.
The traffic based heuristic initial solution of I7073_S9102_C1000.txt has the score 4566384.
The solution of I7073_S9102_C1000.txt has the score 4566528.
Optimized for 144 points.
Execution time: 30.0779629979205 minutes.

The usage based heuristic initial solution of I7073_S9102_C1000.txt has the score 4566384.
The traffic based heuristic initial solution of I7073_S9102_C1000.txt has the score 4566384.
The solution of I7073_S9102_C1000.txt has the score 4566541.
Optimized for 157 points.
Execution time: 30.103559299131543 minutes.

The usage based heuristic initial solution of I7073_S9102_C1000.txt has the score 4566384.
The traffic based heuristic initial solution of I7073_S9102_C1000.txt has the score 4566384.
The solution of I7073_S9102_C1000.txt has the score 4566607.
Optimized for 223 points.
Execution time: 30.103629378733846 minutes.

The usage based heuristic initial solution of I7073_S9102_C1000.txt has the score 4566384.
The traffic based heuristic initial solution of I7073_S9102_C1000.txt has the score 4566384.
The solution of I7073_S9102_C1000.txt has the score 4566520.
Optimized for 136 points.
Execution time: 30.108191836920255 minutes.

The usage based heuristic initial solution of I7073_S9102_C1000.txt has the score 4566384.
The traffic based heuristic initial solution of I7073_S9102_C1000.txt has the score 4566384.
The solution of I7073_S9102_C1000.txt has the score 4566575.
Optimized for 191 points.
Execution time: 30.109620965730088 minutes.

The usage based heuristic initial solution of I8000_S95928_C1000.txt has the score 1139761.
The traffic based heuristic initial solution of I8000_S95928_C1000.txt has the score 1555826.
The solution of I8000_S95928_C1000.txt has the score 1587789.
Optimized for 31963 points.
Execution time: 30.682502644641016 minutes.

The usage based heuristic initial solution of I8000_S95928_C1000.txt has the score 1139761.
The traffic based heuristic initial solution of I8000_S95928_C1000.txt has the score 1554480.
The solution of I8000_S95928_C1000.txt has the score 1595875.
Optimized for 41395 points.
Execution time: 30.710746068515196 minutes.

The usage based heuristic initial solution of I8000_S95928_C1000.txt has the score 1139761.
The traffic based heuristic initial solution of I8000_S95928_C1000.txt has the score 1554528.
The solution of I8000_S95928_C1000.txt has the score 1575470.
Optimized for 20942 points.
Execution time: 30.715550386199418 minutes.

The usage based heuristic initial solution of I8000_S95928_C1000.txt has the score 1139761.
The traffic based heuristic initial solution of I8000_S95928_C1000.txt has the score 1559372.
The solution of I8000_S95928_C1000.txt has the score 1590571.
Optimized for 31199 points.
Execution time: 30.738285016664303 minutes.

The usage based heuristic initial solution of I8000_S95928_C1000.txt has the score 1139761.
The traffic based heuristic initial solution of I8000_S95928_C1000.txt has the score 1572665.
The solution of I8000_S95928_C1000.txt has the score 1589056.
Optimized for 16391 points.
Execution time: 30.740772629350733 minutes.

